h2_als	K_als	h2_ftd	K_ftd	rg	lambda	gen	replicate	h2_empirical	K_empirical
0.3	0.2	0.5	0.1	0.4	1.5	3	1	0.233662216374087	0.180882983283326
0.3	0.2	0.5	0.1	0.4	1.5	3	2	0.20070502399259	0.203015075376884
0.3	0.2	0.5	0.1	0.4	1.5	3	3	0.357840652925857	0.200177541056369
0.3	0.2	0.5	0.1	0.4	3	3	1	0.365088126183204	0.207863247863248
0.3	0.2	0.5	0.1	0.4	3	3	2	0.315007795651414	0.197152059671131
0.3	0.2	0.5	0.1	0.4	3	3	3	0.125620631904625	0.191112858828156
0.3	0.2	0.5	0.1	0.6	1.5	3	1	0.256009241995606	0.211409395973154
0.3	0.2	0.5	0.1	0.6	1.5	3	2	0.0569284020507371	0.20455671124319
0.3	0.2	0.5	0.1	0.6	1.5	3	3	0.51476006967701	0.207724917569477
0.3	0.2	0.5	0.1	0.6	3	3	1	0.28331593793778	0.202824133504493
0.3	0.2	0.5	0.1	0.6	3	3	2	0.179549549987514	0.202598515134209
0.3	0.2	0.5	0.1	0.6	3	3	3	0.250133715929685	0.196213701267447
0.3	0.8	0.5	0.1	0.4	1.5	3	1	0.674881787392059	0.805387830933581
0.3	0.8	0.5	0.1	0.4	1.5	3	2	-0.467277539076437	0.789617486338798
0.3	0.8	0.5	0.1	0.4	1.5	3	3	0.647033940774215	0.817362428842505
0.3	0.8	0.5	0.1	0.4	3	3	1	0.498988715020426	0.809358288770053
0.3	0.8	0.5	0.1	0.4	3	3	2	0.213153466883596	0.801396044540469
0.3	0.8	0.5	0.1	0.4	3	3	3	0.414827208033745	0.80706976744186
0.3	0.8	0.5	0.1	0.6	1.5	3	1	0.455761374957104	0.807925407925408
0.3	0.8	0.5	0.1	0.6	1.5	3	2	0.386502675667181	0.792539964476021
0.3	0.8	0.5	0.1	0.6	1.5	3	3	-0.0801260899070108	0.78430566967954
0.3	0.8	0.5	0.1	0.6	3	3	1	0.454215672899719	0.809025394646534
0.3	0.8	0.5	0.1	0.6	3	3	2	0.431440156811678	0.805513307984791
0.3	0.8	0.5	0.1	0.6	3	3	3	0.111377418882709	0.79566464775263
0.8	0.2	0.5	0.1	0.4	1.5	3	1	0.550962122843665	0.201175250604908
0.8	0.2	0.5	0.1	0.4	1.5	3	2	0.654015287384533	0.217014572666404
0.8	0.2	0.5	0.1	0.4	1.5	3	3	0.916326605441609	0.193665158371041
0.8	0.2	0.5	0.1	0.4	3	3	1	0.762047510595087	0.199066874027994
0.8	0.2	0.5	0.1	0.4	3	3	2	0.825538528831109	0.199480603798085
0.8	0.2	0.5	0.1	0.4	3	3	3	0.720029601434257	0.190712353471596
0.8	0.2	0.5	0.1	0.6	1.5	3	1	0.714819923290263	0.212190476190476
0.8	0.2	0.5	0.1	0.6	1.5	3	2	0.682286268286294	0.186183243508084
0.8	0.2	0.5	0.1	0.6	1.5	3	3	0.733695595116379	0.200383877159309
0.8	0.2	0.5	0.1	0.6	3	3	1	0.843960112489584	0.204536082474227
0.8	0.2	0.5	0.1	0.6	3	3	2	0.808068627721093	0.20073046018992
0.8	0.2	0.5	0.1	0.6	3	3	3	0.71372819137361	0.190956263899185
0.8	0.8	0.5	0.1	0.4	1.5	3	1	1.18211038924618	0.816345270890725
0.8	0.8	0.5	0.1	0.4	1.5	3	2	0.781894180448103	0.79122468659595
0.8	0.8	0.5	0.1	0.4	1.5	3	3	0.710271620500423	0.800094073377234
0.8	0.8	0.5	0.1	0.4	3	3	1	0.860112153170234	0.803589743589744
0.8	0.8	0.5	0.1	0.4	3	3	2	0.637066067924272	0.787301587301587
0.8	0.8	0.5	0.1	0.4	3	3	3	0.927869163568137	0.808035714285714
0.8	0.8	0.5	0.1	0.6	1.5	3	1	0.829517538373639	0.804822043628014
0.8	0.8	0.5	0.1	0.6	1.5	3	2	0.683686619140114	0.785185185185185
0.8	0.8	0.5	0.1	0.6	1.5	3	3	1.06684662893063	0.812296681847755
0.8	0.8	0.5	0.1	0.6	3	3	1	0.734727374132628	0.80034887408817
0.8	0.8	0.5	0.1	0.6	3	3	2	0.905527273521526	0.808408728046833
0.8	0.8	0.5	0.1	0.6	3	3	3	0.895605249485052	0.804184761152783
