h2_als	K_als	h2_ftd	K_ftd	rg	lambda	gen	replicate	K_empirical	lambda1_empirical	lambda1_theory	lambda2_empirical	lambda2_theory
0.3	0.2	0.4	0.1	0.4	1.5	2	1	0.203916692570718	1.33042957532125	1.30725565178596	1.16430577926062	1.15019854511954
0.3	0.2	0.4	0.1	0.4	1.5	2	2	0.186477987421384	1.26295881861594	1.30725565178596	1.25836321464012	1.15019854511954
0.3	0.2	0.4	0.1	0.4	1.5	2	3	0.204414877532507	1.39094359101815	1.30725565178596	1.06513476952525	1.15019854511954
0.3	0.2	0.4	0.1	0.4	1.5	2	4	0.194677033492823	1.27548172112361	1.30725565178596	0.823739109620716	1.15019854511954
0.3	0.2	0.4	0.1	0.4	1.5	2	5	0.208396254907883	1.17463187166438	1.30725565178596	1.19780056373039	1.15019854511954
0.3	0.2	0.4	0.1	0.4	2	2	1	0.201969132517296	1.27953694245829	1.30725565178596	1.20261444030247	1.15019854511954
0.3	0.2	0.4	0.1	0.4	2	2	2	0.191310787459886	1.39947921649751	1.30725565178596	1.24426997739424	1.15019854511954
0.3	0.2	0.4	0.1	0.4	2	2	3	0.197485207100592	1.22219751503868	1.30725565178596	1.18812378381771	1.15019854511954
0.3	0.2	0.4	0.1	0.4	2	2	4	0.20174987133299	1.28042988113198	1.30725565178596	1.16999584717608	1.15019854511954
0.3	0.2	0.4	0.1	0.4	2	2	5	0.2046875	1.31908396946565	1.30725565178596	1.10168196333626	1.15019854511954
0.3	0.2	0.4	0.1	0.4	3	2	1	0.190419969640749	1.29592231188741	1.30725565178596	1.13159792156963	1.15019854511954
0.3	0.2	0.4	0.1	0.4	3	2	2	0.197250745279894	1.29870075604425	1.30725565178596	1.14823096744375	1.15019854511954
0.3	0.2	0.4	0.1	0.4	3	2	3	0.202571810287241	1.24466979821086	1.30725565178596	1.06235352250974	1.15019854511954
0.3	0.2	0.4	0.1	0.4	3	2	4	0.205970149253731	1.36543511796967	1.30725565178596	1.18909558606914	1.15019854511954
0.3	0.2	0.4	0.1	0.4	3	2	5	0.202888925784493	1.32845214632992	1.30725565178596	1.1372204531003	1.15019854511954
0.3	0.5	0.4	0.1	0.4	1.5	2	1	0.504755657592653	1.08089220767894	1.09635036583577	1.04565015962825	1.04785261589577
0.3	0.5	0.4	0.1	0.4	1.5	2	2	0.509865330410272	1.05242815494489	1.09635036583577	1.02064953330776	1.04785261589577
0.3	0.5	0.4	0.1	0.4	1.5	2	3	0.510928961748634	1.07453225530482	1.09635036583577	1.07549423174	1.04785261589577
0.3	0.5	0.4	0.1	0.4	1.5	2	4	0.514669163545568	1.10022992840719	1.09635036583577	1.09866404485554	1.04785261589577
0.3	0.5	0.4	0.1	0.4	1.5	2	5	0.513879922530665	1.10859671421396	1.09635036583577	1.04474041468542	1.04785261589577
0.3	0.5	0.4	0.1	0.4	2	2	1	0.485279685966634	1.10702720776621	1.09635036583577	1.07165845481003	1.04785261589577
0.3	0.5	0.4	0.1	0.4	2	2	2	0.508491761723701	1.07547471978725	1.09635036583577	1.03933857377112	1.04785261589577
0.3	0.5	0.4	0.1	0.4	2	2	3	0.507827009816928	1.09513905474119	1.09635036583577	1.07854475699648	1.04785261589577
0.3	0.5	0.4	0.1	0.4	2	2	4	0.495379876796715	1.08394060950471	1.09635036583577	1.0914526481748	1.04785261589577
0.3	0.5	0.4	0.1	0.4	2	2	5	0.502454146215448	1.13077687260769	1.09635036583577	1.08295975449813	1.04785261589577
0.3	0.5	0.4	0.1	0.4	3	2	1	0.5042793563848	1.0851632100569	1.09635036583577	1.01580956871626	1.04785261589577
0.3	0.5	0.4	0.1	0.4	3	2	2	0.487578668433256	1.07730863989689	1.09635036583577	1.01937152238613	1.04785261589577
0.3	0.5	0.4	0.1	0.4	3	2	3	0.487175188600168	1.09608010010258	1.09635036583577	1.06592284276247	1.04785261589577
0.3	0.5	0.4	0.1	0.4	3	2	4	0.489176036247693	1.1089514203955	1.09635036583577	1.09358261168779	1.04785261589577
0.3	0.5	0.4	0.1	0.4	3	2	5	0.494477485131691	1.08714153115811	1.09635036583577	1.02743208397172	1.04785261589577
0.3	0.8	0.4	0.1	0.4	1.5	2	1	0.805031446540881	1.02022565457051	1.02136747913764	0.991942360163711	1.00992115001089
0.3	0.8	0.4	0.1	0.4	1.5	2	2	0.799936081815276	1.03788606311513	1.02136747913764	1.01693161085036	1.00992115001089
0.3	0.8	0.4	0.1	0.4	1.5	2	3	0.798847087378641	1.01237083990214	1.02136747913764	0.998856848706657	1.00992115001089
0.3	0.8	0.4	0.1	0.4	1.5	2	4	0.807166717279077	1.02296761762077	1.02136747913764	1.00272795955491	1.00992115001089
0.3	0.8	0.4	0.1	0.4	1.5	2	5	0.79511576276562	1.02222785613103	1.02136747913764	1.01596754121748	1.00992115001089
0.3	0.8	0.4	0.1	0.4	2	2	1	0.801958384332925	1.01215270890361	1.02136747913764	1.00635922409493	1.00992115001089
0.3	0.8	0.4	0.1	0.4	2	2	2	0.80421686746988	1.01832641924148	1.02136747913764	1.00874447773166	1.00992115001089
0.3	0.8	0.4	0.1	0.4	2	2	3	0.800357873210634	1.01961160773884	1.02136747913764	1.01590697543991	1.00992115001089
0.3	0.8	0.4	0.1	0.4	2	2	4	0.793049385941991	1.01791778438039	1.02136747913764	1.00517194929057	1.00992115001089
0.3	0.8	0.4	0.1	0.4	2	2	5	0.801575203252033	1.02032348511363	1.02136747913764	0.991792112907372	1.00992115001089
0.3	0.8	0.4	0.1	0.4	3	2	1	0.803776683087028	1.02227485047915	1.02136747913764	1.01635176848978	1.00992115001089
0.3	0.8	0.4	0.1	0.4	3	2	2	0.803155881415365	1.01984272189861	1.02136747913764	1.00671269074813	1.00992115001089
0.3	0.8	0.4	0.1	0.4	3	2	3	0.807017543859649	1.01465598101964	1.02136747913764	1.00405533923092	1.00992115001089
0.3	0.8	0.4	0.1	0.4	3	2	4	0.800742992232354	1.01775108483019	1.02136747913764	1.00445133190637	1.00992115001089
0.3	0.8	0.4	0.1	0.4	3	2	5	0.798357963875205	1.01805673826363	1.02136747913764	1.00798031917108	1.00992115001089
0.5	0.2	0.4	0.1	0.4	1.5	2	1	0.208371806709757	1.50442436898913	1.52899561940392	1.20922550855441	1.25409446811993
0.5	0.2	0.4	0.1	0.4	1.5	2	2	0.194776589049717	1.49074099305137	1.52899561940392	1.38082851693951	1.25409446811993
0.5	0.2	0.4	0.1	0.4	1.5	2	3	0.2	1.53536515238643	1.52899561940392	1.62244897959184	1.25409446811993
0.5	0.2	0.4	0.1	0.4	1.5	2	4	0.190591805766313	1.42107711488698	1.52899561940392	1.26363090672625	1.25409446811993
0.5	0.2	0.4	0.1	0.4	1.5	2	5	0.190716766656141	1.73259429887705	1.52899561940392	1.34421131848284	1.25409446811993
0.5	0.2	0.4	0.1	0.4	2	2	1	0.198827292110874	1.46551880298529	1.52899561940392	1.25586320319012	1.25409446811993
0.5	0.2	0.4	0.1	0.4	2	2	2	0.208943911066195	1.80062870818586	1.52899561940392	1.38305676153318	1.25409446811993
0.5	0.2	0.4	0.1	0.4	2	2	3	0.198621708097465	1.43527258925784	1.52899561940392	1.27334396293504	1.25409446811993
0.5	0.2	0.4	0.1	0.4	2	2	4	0.201103309929789	1.50244477910125	1.52899561940392	1.26544065844358	1.25409446811993
0.5	0.2	0.4	0.1	0.4	2	2	5	0.184349495919347	1.51604991249327	1.52899561940392	1.32638032255117	1.25409446811993
0.5	0.2	0.4	0.1	0.4	3	2	1	0.202378870036733	1.57397867093597	1.52899561940392	1.4438651236404	1.25409446811993
0.5	0.2	0.4	0.1	0.4	3	2	2	0.204277897529431	1.67644478083807	1.52899561940392	1.25045547069511	1.25409446811993
0.5	0.2	0.4	0.1	0.4	3	2	3	0.214273803568451	1.46529938055174	1.52899561940392	1.13424583580464	1.25409446811993
0.5	0.2	0.4	0.1	0.4	3	2	4	0.191461626201727	1.52899273771768	1.52899561940392	1.24274822695035	1.25409446811993
0.5	0.2	0.4	0.1	0.4	3	2	5	0.200312989045383	1.62446613788896	1.52899561940392	1.34939310051107	1.25409446811993
0.5	0.5	0.4	0.1	0.4	1.5	2	1	0.511858974358974	1.10779336600479	1.16321917135251	1.05353897139485	1.08007167454866
0.5	0.5	0.4	0.1	0.4	1.5	2	2	0.483160621761658	1.14241786541363	1.16321917135251	1.08038297217274	1.08007167454866
0.5	0.5	0.4	0.1	0.4	1.5	2	3	0.511013215859031	1.18121313020738	1.16321917135251	1.13626251390434	1.08007167454866
0.5	0.5	0.4	0.1	0.4	1.5	2	4	0.50984126984127	1.13801996877252	1.16321917135251	1.12038555856068	1.08007167454866
0.5	0.5	0.4	0.1	0.4	1.5	2	5	0.507874015748031	1.1606421449214	1.16321917135251	1.07229748613624	1.08007167454866
0.5	0.5	0.4	0.1	0.4	2	2	1	0.488304093567251	1.17049652585902	1.16321917135251	1.04439558383234	1.08007167454866
0.5	0.5	0.4	0.1	0.4	2	2	2	0.531590413943355	1.16150140538433	1.16321917135251	1.06823221687267	1.08007167454866
0.5	0.5	0.4	0.1	0.4	2	2	3	0.509051412020275	1.14641809360432	1.16321917135251	1.04744454569701	1.08007167454866
0.5	0.5	0.4	0.1	0.4	2	2	4	0.502374670184697	1.14472940338926	1.16321917135251	1.03357102936186	1.08007167454866
0.5	0.5	0.4	0.1	0.4	2	2	5	0.492003998000999	1.17569805156729	1.16321917135251	1.11549700876175	1.08007167454866
0.5	0.5	0.4	0.1	0.4	3	2	1	0.48586832216958	1.16582518231194	1.16321917135251	1.05748903804665	1.08007167454866
0.5	0.5	0.4	0.1	0.4	3	2	2	0.50392943063352	1.16911132418867	1.16321917135251	1.08397475585853	1.08007167454866
0.5	0.5	0.4	0.1	0.4	3	2	3	0.4981076188909	1.1753793113068	1.16321917135251	1.09640971197305	1.08007167454866
0.5	0.5	0.4	0.1	0.4	3	2	4	0.494985551589325	1.15194957532969	1.16321917135251	1.11085979943512	1.08007167454866
0.5	0.5	0.4	0.1	0.4	3	2	5	0.497575953458306	1.14686445345044	1.16321917135251	1.08560569494873	1.08007167454866
0.5	0.8	0.4	0.1	0.4	1.5	2	1	0.797256097560976	1.04533947841185	1.03920834875876	0.998874790945872	1.01737644689443
0.5	0.8	0.4	0.1	0.4	1.5	2	2	0.786805131337813	1.03002193047011	1.03920834875876	1.01164533660589	1.01737644689443
0.5	0.8	0.4	0.1	0.4	1.5	2	3	0.805129809196121	1.03693847365264	1.03920834875876	1.02917437526423	1.01737644689443
0.5	0.8	0.4	0.1	0.4	1.5	2	4	0.813810110974106	1.02232990712177	1.03920834875876	1.00816127986164	1.01737644689443
0.5	0.8	0.4	0.1	0.4	1.5	2	5	0.804753309265945	1.03459560271049	1.03920834875876	1.03638419853923	1.01737644689443
0.5	0.8	0.4	0.1	0.4	2	2	1	0.809052683650754	1.02203149015068	1.03920834875876	0.989650268804065	1.01737644689443
0.5	0.8	0.4	0.1	0.4	2	2	2	0.79535595815259	1.04438849890414	1.03920834875876	1.02272803451463	1.01737644689443
0.5	0.8	0.4	0.1	0.4	2	2	3	0.791477559253656	1.02955078450173	1.03920834875876	1.01347564583432	1.01737644689443
0.5	0.8	0.4	0.1	0.4	2	2	4	0.804123711340206	1.03473970711658	1.03920834875876	1.01757867876382	1.01737644689443
0.5	0.8	0.4	0.1	0.4	2	2	5	0.798321464903357	1.04599641144135	1.03920834875876	1.02301946187796	1.01737644689443
0.5	0.8	0.4	0.1	0.4	3	2	1	0.797363824043195	1.0365501714142	1.03920834875876	1.00534096003276	1.01737644689443
0.5	0.8	0.4	0.1	0.4	3	2	2	0.794880210042665	1.03368935937874	1.03920834875876	0.99413695866101	1.01737644689443
0.5	0.8	0.4	0.1	0.4	3	2	3	0.800548790944949	1.03052374646205	1.03920834875876	1.02457225819151	1.01737644689443
0.5	0.8	0.4	0.1	0.4	3	2	4	0.795220082530949	1.0352357352646	1.03920834875876	1.01083338988043	1.01737644689443
0.5	0.8	0.4	0.1	0.4	3	2	5	0.804583835946924	1.0323974318708	1.03920834875876	1.01989833994519	1.01737644689443
0.8	0.2	0.4	0.1	0.4	1.5	2	1	0.203302039494982	1.88778345467382	1.89642903321432	1.38289208432521	1.41620358806499
0.8	0.2	0.4	0.1	0.4	1.5	2	2	0.198803191489362	1.75271630824683	1.89642903321432	1.31823319109676	1.41620358806499
0.8	0.2	0.4	0.1	0.4	1.5	2	3	0.205261547873968	1.95503981402438	1.89642903321432	1.50946959517236	1.41620358806499
0.8	0.2	0.4	0.1	0.4	1.5	2	4	0.22108843537415	1.82877492877493	1.89642903321432	1.37452786734224	1.41620358806499
0.8	0.2	0.4	0.1	0.4	1.5	2	5	0.189677419354839	2.08180708180708	1.89642903321432	1.44159226190476	1.41620358806499
0.8	0.2	0.4	0.1	0.4	2	2	1	0.20355088772193	1.93974467322987	1.89642903321432	1.25697090973567	1.41620358806499
0.8	0.2	0.4	0.1	0.4	2	2	2	0.192201949512622	2.00093266354435	1.89642903321432	1.38390816737407	1.41620358806499
0.8	0.2	0.4	0.1	0.4	2	2	3	0.190336031395634	1.90890463917526	1.89642903321432	1.46199596543763	1.41620358806499
0.8	0.2	0.4	0.1	0.4	2	2	4	0.20979570455736	1.69264771740735	1.89642903321432	1.31323091034166	1.41620358806499
0.8	0.2	0.4	0.1	0.4	2	2	5	0.210002427773731	1.77831294822985	1.89642903321432	1.45216370980388	1.41620358806499
0.8	0.2	0.4	0.1	0.4	3	2	1	0.205093833780161	1.9160558792207	1.89642903321432	1.32956200938573	1.41620358806499
0.8	0.2	0.4	0.1	0.4	3	2	2	0.206664364640884	1.88663477052388	1.89642903321432	1.40153886330649	1.41620358806499
0.8	0.2	0.4	0.1	0.4	3	2	3	0.209062653361688	2.01669698207662	1.89642903321432	1.5711057175662	1.41620358806499
0.8	0.2	0.4	0.1	0.4	3	2	4	0.199250570218312	1.75439161940594	1.89642903321432	1.34527448948237	1.41620358806499
0.8	0.2	0.4	0.1	0.4	3	2	5	0.191005642217059	1.95063348578301	1.89642903321432	1.50360601132158	1.41620358806499
0.8	0.5	0.4	0.1	0.4	1.5	2	1	0.511335012594458	1.23502001333859	1.27232906456557	1.15746196554446	1.12937724276845
0.8	0.5	0.4	0.1	0.4	1.5	2	2	0.507627879150464	1.22246224086842	1.27232906456557	1.12285657562832	1.12937724276845
0.8	0.5	0.4	0.1	0.4	1.5	2	3	0.492023772286519	1.24185499966636	1.27232906456557	1.07146922284371	1.12937724276845
0.8	0.5	0.4	0.1	0.4	1.5	2	4	0.497031662269129	1.27589114069814	1.27232906456557	1.14737972008268	1.12937724276845
0.8	0.5	0.4	0.1	0.4	1.5	2	5	0.493337563451777	1.25673626116941	1.27232906456557	1.14725598894453	1.12937724276845
0.8	0.5	0.4	0.1	0.4	2	2	1	0.508305647840532	1.25678754733202	1.27232906456557	1.16314107573942	1.12937724276845
0.8	0.5	0.4	0.1	0.4	2	2	2	0.486958723727526	1.28673009887165	1.27232906456557	1.12614698136313	1.12937724276845
0.8	0.5	0.4	0.1	0.4	2	2	3	0.508776206728425	1.25940070347127	1.27232906456557	1.08485429280829	1.12937724276845
0.8	0.5	0.4	0.1	0.4	2	2	4	0.496924311313185	1.21492776892111	1.27232906456557	1.06788546785717	1.12937724276845
0.8	0.5	0.4	0.1	0.4	2	2	5	0.50533902829685	1.24710349831349	1.27232906456557	1.11561679251732	1.12937724276845
0.8	0.5	0.4	0.1	0.4	3	2	1	0.502042900919305	1.24463435670535	1.27232906456557	1.13814725065147	1.12937724276845
0.8	0.5	0.4	0.1	0.4	3	2	2	0.49111334674715	1.28165932400137	1.27232906456557	1.13283089788155	1.12937724276845
0.8	0.5	0.4	0.1	0.4	3	2	3	0.478648602298062	1.25229469767701	1.27232906456557	1.08821029660804	1.12937724276845
0.8	0.5	0.4	0.1	0.4	3	2	4	0.498213374170495	1.26979741200637	1.27232906456557	1.1299635701275	1.12937724276845
0.8	0.5	0.4	0.1	0.4	3	2	5	0.514757554462403	1.29340985336148	1.27232906456557	1.16938654025237	1.12937724276845
0.8	0.8	0.4	0.1	0.4	1.5	2	1	0.797377458632532	1.05494170592343	1.07239854629923	1.03488353366764	1.02990066145455
0.8	0.8	0.4	0.1	0.4	1.5	2	2	0.787624378109453	1.05766140466963	1.07239854629923	1.00472842449137	1.02990066145455
0.8	0.8	0.4	0.1	0.4	1.5	2	3	0.8015625	1.04195634532206	1.07239854629923	0.994259016520242	1.02990066145455
0.8	0.8	0.4	0.1	0.4	1.5	2	4	0.796890184645287	1.05339709232087	1.07239854629923	1.02319962493322	1.02990066145455
0.8	0.8	0.4	0.1	0.4	1.5	2	5	0.814910858995138	1.0487366271269	1.07239854629923	1.03365466082079	1.02990066145455
0.8	0.8	0.4	0.1	0.4	2	2	1	0.807701863354037	1.04481101161361	1.07239854629923	1.00480966511669	1.02990066145455
0.8	0.8	0.4	0.1	0.4	2	2	2	0.811204911742133	1.04952525575127	1.07239854629923	1.02865380811753	1.02990066145455
0.8	0.8	0.4	0.1	0.4	2	2	3	0.790402075226978	1.06476615452581	1.07239854629923	1.03993868783006	1.02990066145455
0.8	0.8	0.4	0.1	0.4	2	2	4	0.804401582591494	1.0554661845449	1.07239854629923	1.02344955396437	1.02990066145455
0.8	0.8	0.4	0.1	0.4	2	2	5	0.80284802356985	1.04712450569001	1.07239854629923	1.00404147680094	1.02990066145455
0.8	0.8	0.4	0.1	0.4	3	2	1	0.79553264604811	1.05652288003876	1.07239854629923	1.03225899231432	1.02990066145455
0.8	0.8	0.4	0.1	0.4	3	2	2	0.803142807805215	1.0535485448471	1.07239854629923	1.03125598610441	1.02990066145455
0.8	0.8	0.4	0.1	0.4	3	2	3	0.802564102564103	1.05801334222618	1.07239854629923	1.02694854117815	1.02990066145455
0.8	0.8	0.4	0.1	0.4	3	2	4	0.799755586592179	1.05333541450467	1.07239854629923	1.03074467614223	1.02990066145455
0.8	0.8	0.4	0.1	0.4	3	2	5	0.801789401238816	1.05265304412822	1.07239854629923	1.01448808857374	1.02990066145455
