h2	K	k	lambda	N	peds	h2sim
0.2	0.001	2	2	25	5000	NA
0.2	0.001	2	2	25	5000	0.397062543724309
0.2	0.001	2	2	25	5000	0.365091268859506
0.2	0.001	2	2	25	5000	NA
0.2	0.001	2	2	25	5000	NA
0.2	0.001	2	2	25	5000	NA
0.2	0.001	2	2	25	5000	0.388985347087962
0.2	0.001	2	2	25	5000	0.330259066818522
0.2	0.001	2	2	25	5000	0.410679863794037
0.2	0.001	2	2	25	5000	NA
0.2	0.001	2	2	25	5000	NA
0.2	0.001	2	2	25	5000	0.405468219281371
0.2	0.001	2	2	25	5000	NA
0.2	0.001	2	2	25	5000	NA
0.2	0.001	2	2	25	5000	NA
0.2	0.001	2	2	25	5000	0.317654554000658
0.2	0.001	2	2	25	5000	NA
0.2	0.001	2	2	25	5000	NA
0.2	0.001	2	2	25	5000	NA
0.2	0.001	2	2	25	5000	NA
0.2	0.001	2	2	25	5000	0.351472588828232
0.2	0.001	2	2	25	5000	NA
0.2	0.001	2	2	25	5000	0.38274451578128
0.2	0.001	2	2	25	5000	NA
0.2	0.001	2	2	25	5000	0.646306954499409
0.2	0.005	2	2	25	5000	0.371175310900367
0.2	0.005	2	2	25	5000	0.260534038375085
0.2	0.005	2	2	25	5000	0.149486974019734
0.2	0.005	2	2	25	5000	0.245318503362006
0.2	0.005	2	2	25	5000	0.181882971608705
0.2	0.005	2	2	25	5000	0.174963549437025
0.2	0.005	2	2	25	5000	0.074307508054884
0.2	0.005	2	2	25	5000	0.229628242710775
0.2	0.005	2	2	25	5000	0.270554405609171
0.2	0.005	2	2	25	5000	0.0665387093472056
0.2	0.005	2	2	25	5000	0.347364282329906
0.2	0.005	2	2	25	5000	0.288493605503688
0.2	0.005	2	2	25	5000	0.0791808601094385
0.2	0.005	2	2	25	5000	-0.0188030408829092
0.2	0.005	2	2	25	5000	0.358629742902153
0.2	0.005	2	2	25	5000	0.243482608024549
0.2	0.005	2	2	25	5000	0.261607273266067
0.2	0.005	2	2	25	5000	0.183292400046486
0.2	0.005	2	2	25	5000	-0.000298697449780387
0.2	0.005	2	2	25	5000	0.164964332657009
0.2	0.005	2	2	25	5000	0.197968087323664
0.2	0.005	2	2	25	5000	0.117037405335194
0.2	0.005	2	2	25	5000	0.160536630680132
0.2	0.005	2	2	25	5000	0.199648568469146
0.2	0.005	2	2	25	5000	0.212477312237271
0.2	0.01	2	2	25	5000	0.162040511720327
0.2	0.01	2	2	25	5000	0.300246443289735
0.2	0.01	2	2	25	5000	0.0631243210757204
0.2	0.01	2	2	25	5000	0.164836512128076
0.2	0.01	2	2	25	5000	0.189341306184041
0.2	0.01	2	2	25	5000	0.0164134449829491
0.2	0.01	2	2	25	5000	0.140291020682695
0.2	0.01	2	2	25	5000	0.268024873288562
0.2	0.01	2	2	25	5000	0.16947810344915
0.2	0.01	2	2	25	5000	0.199429303749887
0.2	0.01	2	2	25	5000	0.27413063624211
0.2	0.01	2	2	25	5000	0.128789662495475
0.2	0.01	2	2	25	5000	0.20066020803783
0.2	0.01	2	2	25	5000	0.0757350890838341
0.2	0.01	2	2	25	5000	0.202724504467048
0.2	0.01	2	2	25	5000	0.243878963324965
0.2	0.01	2	2	25	5000	0.153232501929294
0.2	0.01	2	2	25	5000	0.169043145814367
0.2	0.01	2	2	25	5000	0.0776142553243696
0.2	0.01	2	2	25	5000	0.268005947036335
0.2	0.01	2	2	25	5000	0.199217891001181
0.2	0.01	2	2	25	5000	0.236397503077451
0.2	0.01	2	2	25	5000	-0.0235103523384361
0.2	0.01	2	2	25	5000	0.155207941622685
0.2	0.01	2	2	25	5000	0.253751081510654
0.2	0.05	2	2	25	5000	0.230337512568144
0.2	0.05	2	2	25	5000	0.213590708082567
0.2	0.05	2	2	25	5000	0.187498972420601
0.2	0.05	2	2	25	5000	0.196847971059969
0.2	0.05	2	2	25	5000	0.193432162047615
0.2	0.05	2	2	25	5000	0.189151599961468
0.2	0.05	2	2	25	5000	0.220145426137791
0.2	0.05	2	2	25	5000	0.214475063603978
0.2	0.05	2	2	25	5000	0.205607454982499
0.2	0.05	2	2	25	5000	0.189982958663715
0.2	0.05	2	2	25	5000	0.183130672262684
0.2	0.05	2	2	25	5000	0.202898150212964
0.2	0.05	2	2	25	5000	0.187583449970899
0.2	0.05	2	2	25	5000	0.1983418272208
0.2	0.05	2	2	25	5000	0.214415262723552
0.2	0.05	2	2	25	5000	0.182056419357361
0.2	0.05	2	2	25	5000	0.177174318186279
0.2	0.05	2	2	25	5000	0.195822197845982
0.2	0.05	2	2	25	5000	0.189525818273734
0.2	0.05	2	2	25	5000	0.231446460177902
0.2	0.05	2	2	25	5000	0.227489958870109
0.2	0.05	2	2	25	5000	0.216385956511883
0.2	0.05	2	2	25	5000	0.240096691019296
0.2	0.05	2	2	25	5000	0.142189207150473
0.2	0.05	2	2	25	5000	0.20512694057397
0.2	0.1	1	2	25	5000	0.191720016462404
0.2	0.1	1	2	25	5000	0.174903269019795
0.2	0.1	1	2	25	5000	0.149602855414218
0.2	0.1	1	2	25	5000	0.189704809113126
0.2	0.1	1	2	25	5000	0.147120499218171
0.2	0.1	1	2	25	5000	0.195203930164161
0.2	0.1	1	2	25	5000	0.204431619077071
0.2	0.1	1	2	25	5000	0.21395476107994
0.2	0.1	1	2	25	5000	0.162822387883849
0.2	0.1	1	2	25	5000	0.163243503193025
0.2	0.1	1	2	25	5000	0.207154266567579
0.2	0.1	1	2	25	5000	0.209969947766164
0.2	0.1	1	2	25	5000	0.179992447660764
0.2	0.1	1	2	25	5000	0.209969255892174
0.2	0.1	1	2	25	5000	0.209357774236886
0.2	0.1	1	2	25	5000	0.16486207627219
0.2	0.1	1	2	25	5000	0.208692415958902
0.2	0.1	1	2	25	5000	0.22021750072742
0.2	0.1	1	2	25	5000	0.179977164488292
0.2	0.1	1	2	25	5000	0.182095508903047
0.2	0.1	1	2	25	5000	0.213232384585084
0.2	0.1	1	2	25	5000	0.146276234201647
0.2	0.1	1	2	25	5000	0.208302040731835
0.2	0.1	1	2	25	5000	0.127802162200878
0.2	0.1	1	2	25	5000	0.186946603094005
0.2	0.1	2	1.5	25	5000	0.215826650843275
0.2	0.1	2	1.5	25	5000	0.222860936408374
0.2	0.1	2	1.5	25	5000	0.225252324719807
0.2	0.1	2	1.5	25	5000	0.168205828051497
0.2	0.1	2	1.5	25	5000	0.227581644051806
0.2	0.1	2	1.5	25	5000	0.190173915816377
0.2	0.1	2	1.5	25	5000	0.170923248753544
0.2	0.1	2	1.5	25	5000	0.189408114378234
0.2	0.1	2	1.5	25	5000	0.227231995869488
0.2	0.1	2	1.5	25	5000	0.193029040499473
0.2	0.1	2	1.5	25	5000	0.199379222431403
0.2	0.1	2	1.5	25	5000	0.201348660641316
0.2	0.1	2	1.5	25	5000	0.198455342222755
0.2	0.1	2	1.5	25	5000	0.196444590655515
0.2	0.1	2	1.5	25	5000	0.181355317857791
0.2	0.1	2	1.5	25	5000	0.189495386370894
0.2	0.1	2	1.5	25	5000	0.20943874667802
0.2	0.1	2	1.5	25	5000	0.198499254455357
0.2	0.1	2	1.5	25	5000	0.243188297912821
0.2	0.1	2	1.5	25	5000	0.205402819311629
0.2	0.1	2	1.5	25	5000	0.156129969883134
0.2	0.1	2	1.5	25	5000	0.175805604734527
0.2	0.1	2	1.5	25	5000	0.21501160590813
0.2	0.1	2	1.5	25	5000	0.221858164518729
0.2	0.1	2	1.5	25	5000	0.178729844362441
0.2	0.1	2	1	25	5000	0.207097674482996
0.2	0.1	2	1	25	5000	0.203216616350653
0.2	0.1	2	1	25	5000	0.204039873301273
0.2	0.1	2	1	25	5000	0.153646816281191
0.2	0.1	2	1	25	5000	0.155947747575055
0.2	0.1	2	1	25	5000	0.186098169780715
0.2	0.1	2	1	25	5000	0.288675812620016
0.2	0.1	2	1	25	5000	0.224111349160753
0.2	0.1	2	1	25	5000	0.164770705805612
0.2	0.1	2	1	25	5000	0.209237854533327
0.2	0.1	2	1	25	5000	0.231272352005173
0.2	0.1	2	1	25	5000	0.249819947308646
0.2	0.1	2	1	25	5000	0.207447314001999
0.2	0.1	2	1	25	5000	0.236176449690002
0.2	0.1	2	1	25	5000	0.256677726680481
0.2	0.1	2	1	25	5000	0.234092738237188
0.2	0.1	2	1	25	5000	0.237834592592382
0.2	0.1	2	1	25	5000	0.27452048936538
0.2	0.1	2	1	25	5000	0.227342756675329
0.2	0.1	2	1	25	5000	0.245781623361596
0.2	0.1	2	1	25	5000	0.212490692174065
0.2	0.1	2	1	25	5000	0.23402927281286
0.2	0.1	2	1	25	5000	0.155649500634853
0.2	0.1	2	1	25	5000	0.188405270282364
0.2	0.1	2	1	25	5000	0.197136644779133
0.2	0.1	2	2	25	5000	0.182577213237971
0.2	0.1	2	2	25	5000	0.1658504259467
0.2	0.1	2	2	25	5000	0.193933749634956
0.2	0.1	2	2	25	5000	0.204929607338212
0.2	0.1	2	2	25	5000	0.197327546473148
0.2	0.1	2	2	25	5000	0.174978780498086
0.2	0.1	2	2	25	5000	0.20580920964674
0.2	0.1	2	2	25	5000	0.212243980602344
0.2	0.1	2	2	25	5000	0.211631338830237
0.2	0.1	2	2	25	5000	0.19857407364628
0.2	0.1	2	2	25	5000	0.200170998385101
0.2	0.1	2	2	25	5000	0.21415305964735
0.2	0.1	2	2	25	5000	0.200948309355782
0.2	0.1	2	2	25	5000	0.213547029902123
0.2	0.1	2	2	25	5000	0.190269437097865
0.2	0.1	2	2	25	5000	0.236415673052743
0.2	0.1	2	2	25	5000	0.219107365868624
0.2	0.1	2	2	25	5000	0.208967905711913
0.2	0.1	2	2	25	5000	0.193279379704305
0.2	0.1	2	2	25	5000	0.173904533145615
0.2	0.1	2	2	25	5000	0.209224525113244
0.2	0.1	2	2	25	5000	0.211454790181054
0.2	0.1	2	2	25	5000	0.184830691121668
0.2	0.1	2	2	25	5000	0.185442532850283
0.2	0.1	2	2	25	5000	0.212744205011205
0.2	0.1	2	3	25	5000	0.201120286287435
0.2	0.1	2	3	25	5000	0.197331373397877
0.2	0.1	2	3	25	5000	0.186259355465938
0.2	0.1	2	3	25	5000	0.208557776294656
0.2	0.1	2	3	25	5000	0.195268158049828
0.2	0.1	2	3	25	5000	0.196642868427006
0.2	0.1	2	3	25	5000	0.19730963471455
0.2	0.1	2	3	25	5000	0.200514017663742
0.2	0.1	2	3	25	5000	0.202221857948868
0.2	0.1	2	3	25	5000	0.183608353841919
0.2	0.1	2	3	25	5000	0.198259067426635
0.2	0.1	2	3	25	5000	0.20679460045608
0.2	0.1	2	3	25	5000	0.193241910938093
0.2	0.1	2	3	25	5000	0.190255994981502
0.2	0.1	2	3	25	5000	0.202038446631371
0.2	0.1	2	3	25	5000	0.200106913049128
0.2	0.1	2	3	25	5000	0.201224791760853
0.2	0.1	2	3	25	5000	0.210746244037727
0.2	0.1	2	3	25	5000	0.204103644286327
0.2	0.1	2	3	25	5000	0.18702937830151
0.2	0.1	2	3	25	5000	0.192492144782811
0.2	0.1	2	3	25	5000	0.190313343814197
0.2	0.1	2	3	25	5000	0.200690888329227
0.2	0.1	2	3	25	5000	0.205400917496565
0.2	0.1	2	3	25	5000	0.201998144656115
0.2	0.1	3	2	25	5000	0.186298370872751
0.2	0.1	3	2	25	5000	0.198639880274476
0.2	0.1	3	2	25	5000	0.199047236736103
0.2	0.1	3	2	25	5000	0.21148219372812
0.2	0.1	3	2	25	5000	0.206009657435551
0.2	0.1	3	2	25	5000	0.178226518719656
0.2	0.1	3	2	25	5000	0.205916723171935
0.2	0.1	3	2	25	5000	0.183542335990386
0.2	0.1	3	2	25	5000	0.174555645803187
0.2	0.1	3	2	25	5000	0.185362137392565
0.2	0.1	3	2	25	5000	0.204347821163789
0.2	0.1	3	2	25	5000	0.216674295416532
0.2	0.1	3	2	25	5000	0.201954001889528
0.2	0.1	3	2	25	5000	0.19057941687875
0.2	0.1	3	2	25	5000	0.205263351172699
0.2	0.1	3	2	25	5000	0.209454000397385
0.2	0.1	3	2	25	5000	0.192798387614069
0.2	0.1	3	2	25	5000	0.201792189873292
0.2	0.1	3	2	25	5000	0.205819564149344
0.2	0.1	3	2	25	5000	0.173342912457038
0.2	0.1	3	2	25	5000	0.203462374472574
0.2	0.1	3	2	25	5000	0.18641046856609
0.2	0.1	3	2	25	5000	0.195481198537065
0.2	0.1	3	2	25	5000	0.213137169198617
0.2	0.1	3	2	25	5000	0.209919160407125
0.2	0.1	4	2	25	5000	0.208720490448168
0.2	0.1	4	2	25	5000	0.198578477150561
0.2	0.1	4	2	25	5000	0.212111048359519
0.2	0.1	4	2	25	5000	0.200833963657424
0.2	0.1	4	2	25	5000	0.20909131425849
0.2	0.1	4	2	25	5000	0.204903967618195
0.2	0.1	4	2	25	5000	0.197360591527268
0.2	0.1	4	2	25	5000	0.199039131598001
0.2	0.1	4	2	25	5000	0.193825882337716
0.2	0.1	4	2	25	5000	0.207080210897022
0.2	0.1	4	2	25	5000	0.178481529914036
0.2	0.1	4	2	25	5000	0.198194896728868
0.2	0.1	4	2	25	5000	0.20395770108052
0.2	0.1	4	2	25	5000	0.193298800608704
0.2	0.1	4	2	25	5000	0.191935239481002
0.2	0.1	4	2	25	5000	0.198756282114735
0.2	0.1	4	2	25	5000	0.198517142528869
0.2	0.1	4	2	25	5000	0.200969088559104
0.2	0.1	4	2	25	5000	0.203979633641288
0.2	0.1	4	2	25	5000	0.194969982527361
0.2	0.1	4	2	25	5000	0.200786398304858
0.2	0.1	4	2	25	5000	0.197505401612953
0.2	0.1	4	2	25	5000	0.195527951734468
0.2	0.1	4	2	25	5000	0.202153724858478
0.2	0.1	4	2	25	5000	0.213108489749839
0.2	0.2	2	2	25	5000	0.208376832522847
0.2	0.2	2	2	25	5000	0.18351844649183
0.2	0.2	2	2	25	5000	0.218836074314824
0.2	0.2	2	2	25	5000	0.214527858597449
0.2	0.2	2	2	25	5000	0.221168287199606
0.2	0.2	2	2	25	5000	0.195165237294532
0.2	0.2	2	2	25	5000	0.222751078863184
0.2	0.2	2	2	25	5000	0.209707424062925
0.2	0.2	2	2	25	5000	0.199330903170458
0.2	0.2	2	2	25	5000	0.197406798055753
0.2	0.2	2	2	25	5000	0.179751667222513
0.2	0.2	2	2	25	5000	0.17973117952948
0.2	0.2	2	2	25	5000	0.201495801773302
0.2	0.2	2	2	25	5000	0.182461763284564
0.2	0.2	2	2	25	5000	0.200967460878331
0.2	0.2	2	2	25	5000	0.206960910148857
0.2	0.2	2	2	25	5000	0.197417517363139
0.2	0.2	2	2	25	5000	0.188015652337278
0.2	0.2	2	2	25	5000	0.197881647327127
0.2	0.2	2	2	25	5000	0.213613452148573
0.2	0.2	2	2	25	5000	0.223529656057837
0.2	0.2	2	2	25	5000	0.173544816817676
0.2	0.2	2	2	25	5000	0.210612300314509
0.2	0.2	2	2	25	5000	0.246008134996679
0.2	0.2	2	2	25	5000	0.188633053009157
0.4	0.001	2	2	25	5000	NA
0.4	0.001	2	2	25	5000	0.457790170004856
0.4	0.001	2	2	25	5000	0.384287005252551
0.4	0.001	2	2	25	5000	0.669011255283369
0.4	0.001	2	2	25	5000	NA
0.4	0.001	2	2	25	5000	0.634904252609533
0.4	0.001	2	2	25	5000	NA
0.4	0.001	2	2	25	5000	0.39871661848024
0.4	0.001	2	2	25	5000	0.554092522630995
0.4	0.001	2	2	25	5000	0.375202007652897
0.4	0.001	2	2	25	5000	NA
0.4	0.001	2	2	25	5000	NA
0.4	0.001	2	2	25	5000	NA
0.4	0.001	2	2	25	5000	NA
0.4	0.001	2	2	25	5000	NA
0.4	0.001	2	2	25	5000	0.346273866014916
0.4	0.001	2	2	25	5000	0.392178339125957
0.4	0.001	2	2	25	5000	NA
0.4	0.001	2	2	25	5000	0.384287005252551
0.4	0.001	2	2	25	5000	0.560968486291216
0.4	0.001	2	2	25	5000	0.381213564805834
0.4	0.001	2	2	25	5000	0.651362541015876
0.4	0.001	2	2	25	5000	0.721799254210483
0.4	0.001	2	2	25	5000	0.373726422544209
0.4	0.001	2	2	25	5000	0.350160178193772
0.4	0.005	2	2	25	5000	0.351609646168349
0.4	0.005	2	2	25	5000	0.253949565610195
0.4	0.005	2	2	25	5000	0.386983810511864
0.4	0.005	2	2	25	5000	0.367543086949026
0.4	0.005	2	2	25	5000	0.340044632471255
0.4	0.005	2	2	25	5000	0.477273038582705
0.4	0.005	2	2	25	5000	0.424714617083823
0.4	0.005	2	2	25	5000	0.29131113177725
0.4	0.005	2	2	25	5000	0.352364553516722
0.4	0.005	2	2	25	5000	0.373215245391944
0.4	0.005	2	2	25	5000	0.316943099906999
0.4	0.005	2	2	25	5000	0.415577288953667
0.4	0.005	2	2	25	5000	0.247912643194456
0.4	0.005	2	2	25	5000	0.422881757535346
0.4	0.005	2	2	25	5000	0.394980031847188
0.4	0.005	2	2	25	5000	0.402570767564121
0.4	0.005	2	2	25	5000	0.491771847416465
0.4	0.005	2	2	25	5000	0.596631943448686
0.4	0.005	2	2	25	5000	0.537059320334822
0.4	0.005	2	2	25	5000	0.568024627989632
0.4	0.005	2	2	25	5000	0.479818777779058
0.4	0.005	2	2	25	5000	0.42241939649861
0.4	0.005	2	2	25	5000	0.327499794401262
0.4	0.005	2	2	25	5000	0.516492883293755
0.4	0.005	2	2	25	5000	0.342971502570424
0.4	0.01	2	2	25	5000	0.326438439113463
0.4	0.01	2	2	25	5000	0.39901006406146
0.4	0.01	2	2	25	5000	0.437184036134496
0.4	0.01	2	2	25	5000	0.37479147290748
0.4	0.01	2	2	25	5000	0.429534045161302
0.4	0.01	2	2	25	5000	0.409821674279477
0.4	0.01	2	2	25	5000	0.351490229836392
0.4	0.01	2	2	25	5000	0.465619841014638
0.4	0.01	2	2	25	5000	0.424852552724066
0.4	0.01	2	2	25	5000	0.420633742175031
0.4	0.01	2	2	25	5000	0.375078934161506
0.4	0.01	2	2	25	5000	0.39337276284122
0.4	0.01	2	2	25	5000	0.450951253087472
0.4	0.01	2	2	25	5000	0.30679620740895
0.4	0.01	2	2	25	5000	0.481559417076152
0.4	0.01	2	2	25	5000	0.461898508322108
0.4	0.01	2	2	25	5000	0.393592180059777
0.4	0.01	2	2	25	5000	0.389268637705844
0.4	0.01	2	2	25	5000	0.367314079699795
0.4	0.01	2	2	25	5000	0.418229286635193
0.4	0.01	2	2	25	5000	0.500460997237769
0.4	0.01	2	2	25	5000	0.424031794824654
0.4	0.01	2	2	25	5000	0.4163848236988
0.4	0.01	2	2	25	5000	0.350934268384202
0.4	0.01	2	2	25	5000	0.418195072923097
0.4	0.05	2	2	25	5000	0.413054209238432
0.4	0.05	2	2	25	5000	0.382682635492394
0.4	0.05	2	2	25	5000	0.46071073808217
0.4	0.05	2	2	25	5000	0.449430712462621
0.4	0.05	2	2	25	5000	0.40170327730792
0.4	0.05	2	2	25	5000	0.425849529511245
0.4	0.05	2	2	25	5000	0.413421279529477
0.4	0.05	2	2	25	5000	0.403209679742716
0.4	0.05	2	2	25	5000	0.434395129034031
0.4	0.05	2	2	25	5000	0.406297760215305
0.4	0.05	2	2	25	5000	0.390486624639071
0.4	0.05	2	2	25	5000	0.416455721530909
0.4	0.05	2	2	25	5000	0.396956137381332
0.4	0.05	2	2	25	5000	0.396602324956403
0.4	0.05	2	2	25	5000	0.371625997180455
0.4	0.05	2	2	25	5000	0.400818561130793
0.4	0.05	2	2	25	5000	0.415620591715641
0.4	0.05	2	2	25	5000	0.421247514082528
0.4	0.05	2	2	25	5000	0.385553259038886
0.4	0.05	2	2	25	5000	0.369445178679962
0.4	0.05	2	2	25	5000	0.43089950457539
0.4	0.05	2	2	25	5000	0.394630860984593
0.4	0.05	2	2	25	5000	0.428164277238912
0.4	0.05	2	2	25	5000	0.407749051342357
0.4	0.05	2	2	25	5000	0.406173448716292
0.4	0.1	1	2	25	5000	0.435775529410128
0.4	0.1	1	2	25	5000	0.486373127688431
0.4	0.1	1	2	25	5000	0.391851424016186
0.4	0.1	1	2	25	5000	0.456456727176265
0.4	0.1	1	2	25	5000	0.435018328029681
0.4	0.1	1	2	25	5000	0.424041421953191
0.4	0.1	1	2	25	5000	0.372236008196211
0.4	0.1	1	2	25	5000	0.435870772957115
0.4	0.1	1	2	25	5000	0.39956347950758
0.4	0.1	1	2	25	5000	0.412215739200144
0.4	0.1	1	2	25	5000	0.417029363195467
0.4	0.1	1	2	25	5000	0.431592019537396
0.4	0.1	1	2	25	5000	0.408410884931874
0.4	0.1	1	2	25	5000	0.349618923615641
0.4	0.1	1	2	25	5000	0.347860332260661
0.4	0.1	1	2	25	5000	0.417743920600717
0.4	0.1	1	2	25	5000	0.425021348723719
0.4	0.1	1	2	25	5000	0.334235313240232
0.4	0.1	1	2	25	5000	0.397159067295925
0.4	0.1	1	2	25	5000	0.365187219418208
0.4	0.1	1	2	25	5000	0.374457176851071
0.4	0.1	1	2	25	5000	0.440835773694306
0.4	0.1	1	2	25	5000	0.404045863438759
0.4	0.1	1	2	25	5000	0.455025712429582
0.4	0.1	1	2	25	5000	0.426064966614347
0.4	0.1	2	1.5	25	5000	0.381868557055837
0.4	0.1	2	1.5	25	5000	0.399133971468387
0.4	0.1	2	1.5	25	5000	0.441658197327041
0.4	0.1	2	1.5	25	5000	0.37240715185596
0.4	0.1	2	1.5	25	5000	0.394810566681607
0.4	0.1	2	1.5	25	5000	0.39517176388687
0.4	0.1	2	1.5	25	5000	0.373170574743311
0.4	0.1	2	1.5	25	5000	0.403283007768008
0.4	0.1	2	1.5	25	5000	0.377188267097997
0.4	0.1	2	1.5	25	5000	0.370241633940625
0.4	0.1	2	1.5	25	5000	0.381420635050145
0.4	0.1	2	1.5	25	5000	0.410858248116076
0.4	0.1	2	1.5	25	5000	0.418099246075205
0.4	0.1	2	1.5	25	5000	0.406103923387011
0.4	0.1	2	1.5	25	5000	0.383982946190404
0.4	0.1	2	1.5	25	5000	0.383634881861407
0.4	0.1	2	1.5	25	5000	0.413706550551364
0.4	0.1	2	1.5	25	5000	0.392212708827675
0.4	0.1	2	1.5	25	5000	0.391921899082054
0.4	0.1	2	1.5	25	5000	0.375458486139012
0.4	0.1	2	1.5	25	5000	0.364137291489271
0.4	0.1	2	1.5	25	5000	0.372077172523726
0.4	0.1	2	1.5	25	5000	0.393533489204437
0.4	0.1	2	1.5	25	5000	0.402476085773059
0.4	0.1	2	1.5	25	5000	0.386530415239358
0.4	0.1	2	1	25	5000	0.334008113617267
0.4	0.1	2	1	25	5000	0.428847100775959
0.4	0.1	2	1	25	5000	0.448588772305082
0.4	0.1	2	1	25	5000	0.358289559301602
0.4	0.1	2	1	25	5000	0.388293768589915
0.4	0.1	2	1	25	5000	0.385611181807333
0.4	0.1	2	1	25	5000	0.385029819404104
0.4	0.1	2	1	25	5000	0.429760888973511
0.4	0.1	2	1	25	5000	0.417485044176345
0.4	0.1	2	1	25	5000	0.412755277215663
0.4	0.1	2	1	25	5000	0.391131619999609
0.4	0.1	2	1	25	5000	0.358911256052967
0.4	0.1	2	1	25	5000	0.328127068108886
0.4	0.1	2	1	25	5000	0.433370567946909
0.4	0.1	2	1	25	5000	0.409843700166408
0.4	0.1	2	1	25	5000	0.433061408655959
0.4	0.1	2	1	25	5000	0.353279523561262
0.4	0.1	2	1	25	5000	0.469180940915495
0.4	0.1	2	1	25	5000	0.424881930408382
0.4	0.1	2	1	25	5000	0.398218209204222
0.4	0.1	2	1	25	5000	0.431518029214453
0.4	0.1	2	1	25	5000	0.434382053555605
0.4	0.1	2	1	25	5000	0.378354656142733
0.4	0.1	2	1	25	5000	0.441312348862271
0.4	0.1	2	1	25	5000	0.376283602650887
0.4	0.1	2	2	25	5000	0.406161839769269
0.4	0.1	2	2	25	5000	0.39225257889545
0.4	0.1	2	2	25	5000	0.367796419113539
0.4	0.1	2	2	25	5000	0.425622783806021
0.4	0.1	2	2	25	5000	0.378542970626024
0.4	0.1	2	2	25	5000	0.382844721087517
0.4	0.1	2	2	25	5000	0.377233830961164
0.4	0.1	2	2	25	5000	0.398190475092303
0.4	0.1	2	2	25	5000	0.397749696365414
0.4	0.1	2	2	25	5000	0.395348125155542
0.4	0.1	2	2	25	5000	0.394329755443056
0.4	0.1	2	2	25	5000	0.404154080091554
0.4	0.1	2	2	25	5000	0.41006977642336
0.4	0.1	2	2	25	5000	0.409666512103128
0.4	0.1	2	2	25	5000	0.437906324601955
0.4	0.1	2	2	25	5000	0.378139682585845
0.4	0.1	2	2	25	5000	0.386051436031238
0.4	0.1	2	2	25	5000	0.383770146377853
0.4	0.1	2	2	25	5000	0.411621038948649
0.4	0.1	2	2	25	5000	0.396052190075542
0.4	0.1	2	2	25	5000	0.373708589532429
0.4	0.1	2	2	25	5000	0.370539537226815
0.4	0.1	2	2	25	5000	0.415989029379782
0.4	0.1	2	2	25	5000	0.451883766513509
0.4	0.1	2	2	25	5000	0.391883318166155
0.4	0.1	2	3	25	5000	0.404065629296646
0.4	0.1	2	3	25	5000	0.397444586812293
0.4	0.1	2	3	25	5000	0.403874047717454
0.4	0.1	2	3	25	5000	0.409235213089907
0.4	0.1	2	3	25	5000	0.407585929902506
0.4	0.1	2	3	25	5000	0.398428103808095
0.4	0.1	2	3	25	5000	0.407183054043305
0.4	0.1	2	3	25	5000	0.402239188506136
0.4	0.1	2	3	25	5000	0.403841280999134
0.4	0.1	2	3	25	5000	0.401258165907041
0.4	0.1	2	3	25	5000	0.408561597642878
0.4	0.1	2	3	25	5000	0.394177508331694
0.4	0.1	2	3	25	5000	0.409012699688629
0.4	0.1	2	3	25	5000	0.400673356029936
0.4	0.1	2	3	25	5000	0.414444947618654
0.4	0.1	2	3	25	5000	0.403695986038568
0.4	0.1	2	3	25	5000	0.407602453137287
0.4	0.1	2	3	25	5000	0.396427134132589
0.4	0.1	2	3	25	5000	0.390124314323693
0.4	0.1	2	3	25	5000	0.394443706326871
0.4	0.1	2	3	25	5000	0.403936953652857
0.4	0.1	2	3	25	5000	0.404953828027187
0.4	0.1	2	3	25	5000	0.400772850984704
0.4	0.1	2	3	25	5000	0.401159077281826
0.4	0.1	2	3	25	5000	0.405343369981522
0.4	0.1	3	2	25	5000	0.393544433048955
0.4	0.1	3	2	25	5000	0.399365828146691
0.4	0.1	3	2	25	5000	0.412893293602768
0.4	0.1	3	2	25	5000	0.413113515388066
0.4	0.1	3	2	25	5000	0.389041482226908
0.4	0.1	3	2	25	5000	0.395476221201384
0.4	0.1	3	2	25	5000	0.413497292767951
0.4	0.1	3	2	25	5000	0.424500400956863
0.4	0.1	3	2	25	5000	0.39430121897014
0.4	0.1	3	2	25	5000	0.401584148237276
0.4	0.1	3	2	25	5000	0.377495550975472
0.4	0.1	3	2	25	5000	0.394483803540223
0.4	0.1	3	2	25	5000	0.382913392694805
0.4	0.1	3	2	25	5000	0.412753388586721
0.4	0.1	3	2	25	5000	0.40922499275982
0.4	0.1	3	2	25	5000	0.382125200928473
0.4	0.1	3	2	25	5000	0.374278757547083
0.4	0.1	3	2	25	5000	0.399323190023005
0.4	0.1	3	2	25	5000	0.396958846235011
0.4	0.1	3	2	25	5000	0.368903347874996
0.4	0.1	3	2	25	5000	0.401565412494185
0.4	0.1	3	2	25	5000	0.402025816805073
0.4	0.1	3	2	25	5000	0.413894001152595
0.4	0.1	3	2	25	5000	0.390014459415457
0.4	0.1	3	2	25	5000	0.409623691038423
0.4	0.1	4	2	25	5000	0.396825824798978
0.4	0.1	4	2	25	5000	0.403694948429906
0.4	0.1	4	2	25	5000	0.388850601142723
0.4	0.1	4	2	25	5000	0.390358844404337
0.4	0.1	4	2	25	5000	0.38715110264632
0.4	0.1	4	2	25	5000	0.39581969980395
0.4	0.1	4	2	25	5000	0.390631705801261
0.4	0.1	4	2	25	5000	0.39866236049118
0.4	0.1	4	2	25	5000	0.400990259130456
0.4	0.1	4	2	25	5000	0.403862930577104
0.4	0.1	4	2	25	5000	0.389890805224597
0.4	0.1	4	2	25	5000	0.387534173524324
0.4	0.1	4	2	25	5000	0.403072939650759
0.4	0.1	4	2	25	5000	0.394261654922452
0.4	0.1	4	2	25	5000	0.407277659197364
0.4	0.1	4	2	25	5000	0.390255628544513
0.4	0.1	4	2	25	5000	0.388747845267663
0.4	0.1	4	2	25	5000	0.413320035736154
0.4	0.1	4	2	25	5000	0.400713843226767
0.4	0.1	4	2	25	5000	0.393391294614651
0.4	0.1	4	2	25	5000	0.399400450457635
0.4	0.1	4	2	25	5000	0.404787604884889
0.4	0.1	4	2	25	5000	0.403616963910024
0.4	0.1	4	2	25	5000	0.394310847491444
0.4	0.1	4	2	25	5000	0.401385055789618
0.4	0.2	2	2	25	5000	0.39961876660995
0.4	0.2	2	2	25	5000	0.406027279443439
0.4	0.2	2	2	25	5000	0.418039699749071
0.4	0.2	2	2	25	5000	0.413843384154529
0.4	0.2	2	2	25	5000	0.37546630201224
0.4	0.2	2	2	25	5000	0.38630829120993
0.4	0.2	2	2	25	5000	0.38849179473611
0.4	0.2	2	2	25	5000	0.383669355523033
0.4	0.2	2	2	25	5000	0.404040332961889
0.4	0.2	2	2	25	5000	0.39663675372672
0.4	0.2	2	2	25	5000	0.388218353014286
0.4	0.2	2	2	25	5000	0.40816588376624
0.4	0.2	2	2	25	5000	0.415333348287143
0.4	0.2	2	2	25	5000	0.393488876594611
0.4	0.2	2	2	25	5000	0.369215108280267
0.4	0.2	2	2	25	5000	0.39190636145916
0.4	0.2	2	2	25	5000	0.415331338479887
0.4	0.2	2	2	25	5000	0.374934710488948
0.4	0.2	2	2	25	5000	0.40312033300235
0.4	0.2	2	2	25	5000	0.419529539493502
0.4	0.2	2	2	25	5000	0.40087071801637
0.4	0.2	2	2	25	5000	0.419052132738194
0.4	0.2	2	2	25	5000	0.411826529080311
0.4	0.2	2	2	25	5000	0.412967985036066
0.4	0.2	2	2	25	5000	0.412170988255093
0.6	0.001	2	2	25	5000	0.355462209240388
0.6	0.001	2	2	25	5000	0.613599513585892
0.6	0.001	2	2	25	5000	NA
0.6	0.001	2	2	25	5000	0.812873997101809
0.6	0.001	2	2	25	5000	0.703817828315318
0.6	0.001	2	2	25	5000	0.609270983166731
0.6	0.001	2	2	25	5000	0.669011255283369
0.6	0.001	2	2	25	5000	0.726932506315801
0.6	0.001	2	2	25	5000	0.670847840073708
0.6	0.001	2	2	25	5000	0.622499492711184
0.6	0.001	2	2	25	5000	0.741146857386926
0.6	0.001	2	2	25	5000	0.706993567660542
0.6	0.001	2	2	25	5000	0.787849622177073
0.6	0.001	2	2	25	5000	0.696049445199548
0.6	0.001	2	2	25	5000	0.748559764766704
0.6	0.001	2	2	25	5000	0.802673357607239
0.6	0.001	2	2	25	5000	0.756191273981435
0.6	0.001	2	2	25	5000	0.79493377181472
0.6	0.001	2	2	25	5000	0.530005589590077
0.6	0.001	2	2	25	5000	0.542534410304864
0.6	0.001	2	2	25	5000	0.590714995213167
0.6	0.001	2	2	25	5000	0.373726422544209
0.6	0.001	2	2	25	5000	0.37969399304864
0.6	0.001	2	2	25	5000	0.84619692593458
0.6	0.001	2	2	25	5000	0.423370845880271
0.6	0.005	2	2	25	5000	0.487944243835917
0.6	0.005	2	2	25	5000	0.596197134466361
0.6	0.005	2	2	25	5000	0.591339959391346
0.6	0.005	2	2	25	5000	0.583372047309597
0.6	0.005	2	2	25	5000	0.514840705227783
0.6	0.005	2	2	25	5000	0.720296678281975
0.6	0.005	2	2	25	5000	0.513906182532727
0.6	0.005	2	2	25	5000	0.646646505908124
0.6	0.005	2	2	25	5000	0.647871907464533
0.6	0.005	2	2	25	5000	0.577818714961221
0.6	0.005	2	2	25	5000	0.665578866829161
0.6	0.005	2	2	25	5000	0.58028363843589
0.6	0.005	2	2	25	5000	0.574761376200397
0.6	0.005	2	2	25	5000	0.545739660303502
0.6	0.005	2	2	25	5000	0.541801566740063
0.6	0.005	2	2	25	5000	0.566633852964768
0.6	0.005	2	2	25	5000	0.65399716614512
0.6	0.005	2	2	25	5000	0.553325757510325
0.6	0.005	2	2	25	5000	0.672600019883238
0.6	0.005	2	2	25	5000	0.479913020391954
0.6	0.005	2	2	25	5000	0.691685386938782
0.6	0.005	2	2	25	5000	0.645238540088104
0.6	0.005	2	2	25	5000	0.589975950661934
0.6	0.005	2	2	25	5000	0.543691071103979
0.6	0.005	2	2	25	5000	0.578921169630279
0.6	0.01	2	2	25	5000	0.555649193996165
0.6	0.01	2	2	25	5000	0.547956182916429
0.6	0.01	2	2	25	5000	0.670407819871768
0.6	0.01	2	2	25	5000	0.552068648649971
0.6	0.01	2	2	25	5000	0.65716007156895
0.6	0.01	2	2	25	5000	0.618447331871719
0.6	0.01	2	2	25	5000	0.603998960392977
0.6	0.01	2	2	25	5000	0.560585097086754
0.6	0.01	2	2	25	5000	0.614315562836095
0.6	0.01	2	2	25	5000	0.586486211043562
0.6	0.01	2	2	25	5000	0.52584567258198
0.6	0.01	2	2	25	5000	0.611114823135109
0.6	0.01	2	2	25	5000	0.461777872421189
0.6	0.01	2	2	25	5000	0.494197290917285
0.6	0.01	2	2	25	5000	0.507121277472856
0.6	0.01	2	2	25	5000	0.59734443442044
0.6	0.01	2	2	25	5000	0.552223015994612
0.6	0.01	2	2	25	5000	0.579481317966562
0.6	0.01	2	2	25	5000	0.552140811546932
0.6	0.01	2	2	25	5000	0.561015689049566
0.6	0.01	2	2	25	5000	0.617996610462495
0.6	0.01	2	2	25	5000	0.491565876237701
0.6	0.01	2	2	25	5000	0.654663974531821
0.6	0.01	2	2	25	5000	0.582583331246005
0.6	0.01	2	2	25	5000	0.663418876583943
0.6	0.05	2	2	25	5000	0.582421665308741
0.6	0.05	2	2	25	5000	0.607488788627759
0.6	0.05	2	2	25	5000	0.595653535505597
0.6	0.05	2	2	25	5000	0.591597967723802
0.6	0.05	2	2	25	5000	0.615626491583778
0.6	0.05	2	2	25	5000	0.593956145664486
0.6	0.05	2	2	25	5000	0.57473635359211
0.6	0.05	2	2	25	5000	0.60198321557932
0.6	0.05	2	2	25	5000	0.6131951291228
0.6	0.05	2	2	25	5000	0.574768013260272
0.6	0.05	2	2	25	5000	0.612801931373489
0.6	0.05	2	2	25	5000	0.57361332516664
0.6	0.05	2	2	25	5000	0.613622497584731
0.6	0.05	2	2	25	5000	0.572157572239619
0.6	0.05	2	2	25	5000	0.576771742077987
0.6	0.05	2	2	25	5000	0.571350241590325
0.6	0.05	2	2	25	5000	0.59791931820681
0.6	0.05	2	2	25	5000	0.584874842693101
0.6	0.05	2	2	25	5000	0.621941288562286
0.6	0.05	2	2	25	5000	0.585500937241424
0.6	0.05	2	2	25	5000	0.631705796684391
0.6	0.05	2	2	25	5000	0.615334566042761
0.6	0.05	2	2	25	5000	0.577413227158671
0.6	0.05	2	2	25	5000	0.63464737047298
0.6	0.05	2	2	25	5000	0.606169020069167
0.6	0.1	1	2	25	5000	0.621911605816084
0.6	0.1	1	2	25	5000	0.660561604949776
0.6	0.1	1	2	25	5000	0.602624583172034
0.6	0.1	1	2	25	5000	0.570581781435262
0.6	0.1	1	2	25	5000	0.617671510512685
0.6	0.1	1	2	25	5000	0.641919130243869
0.6	0.1	1	2	25	5000	0.563877759236209
0.6	0.1	1	2	25	5000	0.545977883616726
0.6	0.1	1	2	25	5000	0.604962581940489
0.6	0.1	1	2	25	5000	0.554188770237733
0.6	0.1	1	2	25	5000	0.633971456815072
0.6	0.1	1	2	25	5000	0.659695941471551
0.6	0.1	1	2	25	5000	0.663199049062198
0.6	0.1	1	2	25	5000	0.567886395598043
0.6	0.1	1	2	25	5000	0.625868758754505
0.6	0.1	1	2	25	5000	0.593064160101568
0.6	0.1	1	2	25	5000	0.622483317349111
0.6	0.1	1	2	25	5000	0.573974200478262
0.6	0.1	1	2	25	5000	0.569305276685811
0.6	0.1	1	2	25	5000	0.590912409888174
0.6	0.1	1	2	25	5000	0.569466259880979
0.6	0.1	1	2	25	5000	0.558000395430985
0.6	0.1	1	2	25	5000	0.568138044161032
0.6	0.1	1	2	25	5000	0.629817471037626
0.6	0.1	1	2	25	5000	0.57308198065356
0.6	0.1	2	1.5	25	5000	0.599424709812258
0.6	0.1	2	1.5	25	5000	0.567516897344073
0.6	0.1	2	1.5	25	5000	0.575178732531918
0.6	0.1	2	1.5	25	5000	0.608909699544173
0.6	0.1	2	1.5	25	5000	0.59596997991138
0.6	0.1	2	1.5	25	5000	0.592235793963685
0.6	0.1	2	1.5	25	5000	0.559990374369085
0.6	0.1	2	1.5	25	5000	0.597624116813104
0.6	0.1	2	1.5	25	5000	0.615593216082505
0.6	0.1	2	1.5	25	5000	0.575635897207041
0.6	0.1	2	1.5	25	5000	0.579608684025813
0.6	0.1	2	1.5	25	5000	0.614709894708206
0.6	0.1	2	1.5	25	5000	0.581932841152602
0.6	0.1	2	1.5	25	5000	0.566827508417605
0.6	0.1	2	1.5	25	5000	0.56152191580743
0.6	0.1	2	1.5	25	5000	0.560876687327459
0.6	0.1	2	1.5	25	5000	0.590955154320166
0.6	0.1	2	1.5	25	5000	0.583535488207591
0.6	0.1	2	1.5	25	5000	0.611715935437916
0.6	0.1	2	1.5	25	5000	0.575606051910823
0.6	0.1	2	1.5	25	5000	0.598136948634746
0.6	0.1	2	1.5	25	5000	0.617235808121944
0.6	0.1	2	1.5	25	5000	0.616054593677236
0.6	0.1	2	1.5	25	5000	0.585804850543258
0.6	0.1	2	1.5	25	5000	0.55456405881874
0.6	0.1	2	1	25	5000	0.625903389191469
0.6	0.1	2	1	25	5000	0.562768605082465
0.6	0.1	2	1	25	5000	0.582609892820189
0.6	0.1	2	1	25	5000	0.531748322914605
0.6	0.1	2	1	25	5000	0.598382806036668
0.6	0.1	2	1	25	5000	0.564906680387992
0.6	0.1	2	1	25	5000	0.624520346873479
0.6	0.1	2	1	25	5000	0.584782005197576
0.6	0.1	2	1	25	5000	0.645812669154068
0.6	0.1	2	1	25	5000	0.644485010090306
0.6	0.1	2	1	25	5000	0.600706742608976
0.6	0.1	2	1	25	5000	0.646132596660878
0.6	0.1	2	1	25	5000	0.576948055060268
0.6	0.1	2	1	25	5000	0.575848771384938
0.6	0.1	2	1	25	5000	0.49581319078216
0.6	0.1	2	1	25	5000	0.556739980154325
0.6	0.1	2	1	25	5000	0.649212021990066
0.6	0.1	2	1	25	5000	0.58943135321352
0.6	0.1	2	1	25	5000	0.649338060742424
0.6	0.1	2	1	25	5000	0.62089245543915
0.6	0.1	2	1	25	5000	0.604643277230096
0.6	0.1	2	1	25	5000	0.631754937046415
0.6	0.1	2	1	25	5000	0.610445047421729
0.6	0.1	2	1	25	5000	0.573267840421568
0.6	0.1	2	1	25	5000	0.659328453215001
0.6	0.1	2	2	25	5000	0.612040205341081
0.6	0.1	2	2	25	5000	0.623762699003065
0.6	0.1	2	2	25	5000	0.567273053760529
0.6	0.1	2	2	25	5000	0.589252791430614
0.6	0.1	2	2	25	5000	0.594206800192974
0.6	0.1	2	2	25	5000	0.615057292391653
0.6	0.1	2	2	25	5000	0.585522867759101
0.6	0.1	2	2	25	5000	0.575751822876105
0.6	0.1	2	2	25	5000	0.602342602364977
0.6	0.1	2	2	25	5000	0.594111611226923
0.6	0.1	2	2	25	5000	0.577863177618093
0.6	0.1	2	2	25	5000	0.600363049028053
0.6	0.1	2	2	25	5000	0.618361260489881
0.6	0.1	2	2	25	5000	0.592896485276836
0.6	0.1	2	2	25	5000	0.596693432672813
0.6	0.1	2	2	25	5000	0.60717746560315
0.6	0.1	2	2	25	5000	0.600963778772197
0.6	0.1	2	2	25	5000	0.596404313437185
0.6	0.1	2	2	25	5000	0.615099527410898
0.6	0.1	2	2	25	5000	0.590091700125578
0.6	0.1	2	2	25	5000	0.602529118613638
0.6	0.1	2	2	25	5000	0.568968547677585
0.6	0.1	2	2	25	5000	0.60811143425808
0.6	0.1	2	2	25	5000	0.578573481207186
0.6	0.1	2	2	25	5000	0.589086801390515
0.6	0.1	2	3	25	5000	0.610268751696523
0.6	0.1	2	3	25	5000	0.603099043819621
0.6	0.1	2	3	25	5000	0.601603114564688
0.6	0.1	2	3	25	5000	0.59272177131503
0.6	0.1	2	3	25	5000	0.596831513062769
0.6	0.1	2	3	25	5000	0.594478809185971
0.6	0.1	2	3	25	5000	0.594621461357587
0.6	0.1	2	3	25	5000	0.607370628598376
0.6	0.1	2	3	25	5000	0.612138625860218
0.6	0.1	2	3	25	5000	0.6045007361818
0.6	0.1	2	3	25	5000	0.602202637468112
0.6	0.1	2	3	25	5000	0.606828346711938
0.6	0.1	2	3	25	5000	0.606544328546311
0.6	0.1	2	3	25	5000	0.600467075187067
0.6	0.1	2	3	25	5000	0.597991674950912
0.6	0.1	2	3	25	5000	0.605493690874855
0.6	0.1	2	3	25	5000	0.600802132927471
0.6	0.1	2	3	25	5000	0.585776105904166
0.6	0.1	2	3	25	5000	0.606358055780364
0.6	0.1	2	3	25	5000	0.601880613308737
0.6	0.1	2	3	25	5000	0.593332337330035
0.6	0.1	2	3	25	5000	0.59142842417994
0.6	0.1	2	3	25	5000	0.601917983720261
0.6	0.1	2	3	25	5000	0.594817886931165
0.6	0.1	2	3	25	5000	0.587985399115808
0.6	0.1	3	2	25	5000	0.603141109689928
0.6	0.1	3	2	25	5000	0.599395511533393
0.6	0.1	3	2	25	5000	0.594708312545923
0.6	0.1	3	2	25	5000	0.611713010882443
0.6	0.1	3	2	25	5000	0.603928362591317
0.6	0.1	3	2	25	5000	0.610078913423225
0.6	0.1	3	2	25	5000	0.596134864728406
0.6	0.1	3	2	25	5000	0.592643262595953
0.6	0.1	3	2	25	5000	0.587164244009478
0.6	0.1	3	2	25	5000	0.599982170431393
0.6	0.1	3	2	25	5000	0.588078085052811
0.6	0.1	3	2	25	5000	0.609651109296728
0.6	0.1	3	2	25	5000	0.595324579404368
0.6	0.1	3	2	25	5000	0.614023743603791
0.6	0.1	3	2	25	5000	0.599127152096414
0.6	0.1	3	2	25	5000	0.612495993595441
0.6	0.1	3	2	25	5000	0.606960579545602
0.6	0.1	3	2	25	5000	0.609302514351476
0.6	0.1	3	2	25	5000	0.594091068482599
0.6	0.1	3	2	25	5000	0.604040166726725
0.6	0.1	3	2	25	5000	0.597657253721808
0.6	0.1	3	2	25	5000	0.579412816676648
0.6	0.1	3	2	25	5000	0.596841671255381
0.6	0.1	3	2	25	5000	0.618766587492686
0.6	0.1	3	2	25	5000	0.588813265432055
0.6	0.1	4	2	25	5000	0.605420367380816
0.6	0.1	4	2	25	5000	0.577297631878013
0.6	0.1	4	2	25	5000	0.610510247449722
0.6	0.1	4	2	25	5000	0.60249274794422
0.6	0.1	4	2	25	5000	0.606414425822639
0.6	0.1	4	2	25	5000	0.604247642507508
0.6	0.1	4	2	25	5000	0.602164965716619
0.6	0.1	4	2	25	5000	0.600794770885578
0.6	0.1	4	2	25	5000	0.600445253580188
0.6	0.1	4	2	25	5000	0.593419741176883
0.6	0.1	4	2	25	5000	0.606555615233926
0.6	0.1	4	2	25	5000	0.593909565919696
0.6	0.1	4	2	25	5000	0.604872928155549
0.6	0.1	4	2	25	5000	0.607088294350777
0.6	0.1	4	2	25	5000	0.591558241402751
0.6	0.1	4	2	25	5000	0.592856225052507
0.6	0.1	4	2	25	5000	0.613503102204821
0.6	0.1	4	2	25	5000	0.600214354807409
0.6	0.1	4	2	25	5000	0.610570428957717
0.6	0.1	4	2	25	5000	0.597175799059989
0.6	0.1	4	2	25	5000	0.610078253500654
0.6	0.1	4	2	25	5000	0.596711439073334
0.6	0.1	4	2	25	5000	0.59788693306538
0.6	0.1	4	2	25	5000	0.611546233481931
0.6	0.1	4	2	25	5000	0.586591809809978
0.6	0.2	2	2	25	5000	0.616401837444065
0.6	0.2	2	2	25	5000	0.596767291792166
0.6	0.2	2	2	25	5000	0.615285691557233
0.6	0.2	2	2	25	5000	0.612940087065193
0.6	0.2	2	2	25	5000	0.609765442157715
0.6	0.2	2	2	25	5000	0.587109498549292
0.6	0.2	2	2	25	5000	0.585734772951234
0.6	0.2	2	2	25	5000	0.623493701363151
0.6	0.2	2	2	25	5000	0.586356525830428
0.6	0.2	2	2	25	5000	0.576421945779223
0.6	0.2	2	2	25	5000	0.625614958361036
0.6	0.2	2	2	25	5000	0.612102175510387
0.6	0.2	2	2	25	5000	0.611019699144039
0.6	0.2	2	2	25	5000	0.5907115659227
0.6	0.2	2	2	25	5000	0.582477943649417
0.6	0.2	2	2	25	5000	0.593886559204945
0.6	0.2	2	2	25	5000	0.577213612947889
0.6	0.2	2	2	25	5000	0.608006451035824
0.6	0.2	2	2	25	5000	0.62072976516181
0.6	0.2	2	2	25	5000	0.577671615235977
0.6	0.2	2	2	25	5000	0.613881300811634
0.6	0.2	2	2	25	5000	0.562260431103213
0.6	0.2	2	2	25	5000	0.599015074061246
0.6	0.2	2	2	25	5000	0.621651910256641
0.6	0.2	2	2	25	5000	0.589983672347143
0.8	0.001	2	2	25	5000	0.77422634653307
0.8	0.001	2	2	25	5000	0.947511999320158
0.8	0.001	2	2	25	5000	NA
0.8	0.001	2	2	25	5000	0.78610777360774
0.8	0.001	2	2	25	5000	1.02436770884312
0.8	0.001	2	2	25	5000	1.08204662770946
0.8	0.001	2	2	25	5000	0.661798797662201
0.8	0.001	2	2	25	5000	0.802211816927879
0.8	0.001	2	2	25	5000	0.7869772650899
0.8	0.001	2	2	25	5000	0.819349547674022
0.8	0.001	2	2	25	5000	0.674562477314667
0.8	0.001	2	2	25	5000	0.954759006911353
0.8	0.001	2	2	25	5000	0.400384020425696
0.8	0.001	2	2	25	5000	0.994132546639955
0.8	0.001	2	2	25	5000	1.06020397347298
0.8	0.001	2	2	25	5000	0.881662313913239
0.8	0.001	2	2	25	5000	0.611425411344573
0.8	0.001	2	2	25	5000	0.564484978177108
0.8	0.001	2	2	25	5000	0.402064950313537
0.8	0.001	2	2	25	5000	0.414228072383528
0.8	0.001	2	2	25	5000	0.882250373383331
0.8	0.001	2	2	25	5000	0.929744801485219
0.8	0.001	2	2	25	5000	0.618008089056105
0.8	0.001	2	2	25	5000	0.750446687552253
0.8	0.001	2	2	25	5000	0.994132546639955
0.8	0.005	2	2	25	5000	0.724723133486312
0.8	0.005	2	2	25	5000	0.746531002261172
0.8	0.005	2	2	25	5000	0.629682589983936
0.8	0.005	2	2	25	5000	0.69219539602007
0.8	0.005	2	2	25	5000	0.842500072142331
0.8	0.005	2	2	25	5000	0.780333664020548
0.8	0.005	2	2	25	5000	0.854787344521243
0.8	0.005	2	2	25	5000	0.829651943427403
0.8	0.005	2	2	25	5000	0.80785306181807
0.8	0.005	2	2	25	5000	0.831639806304002
0.8	0.005	2	2	25	5000	0.818594987150401
0.8	0.005	2	2	25	5000	0.745332245016212
0.8	0.005	2	2	25	5000	0.843405122639704
0.8	0.005	2	2	25	5000	0.728754557269246
0.8	0.005	2	2	25	5000	0.902883019102988
0.8	0.005	2	2	25	5000	0.873013437347643
0.8	0.005	2	2	25	5000	0.824946935109219
0.8	0.005	2	2	25	5000	0.616046096232085
0.8	0.005	2	2	25	5000	0.782622377072672
0.8	0.005	2	2	25	5000	0.807068340173085
0.8	0.005	2	2	25	5000	0.790307687433033
0.8	0.005	2	2	25	5000	0.744183607817279
0.8	0.005	2	2	25	5000	0.832460106975664
0.8	0.005	2	2	25	5000	0.703849582493568
0.8	0.005	2	2	25	5000	0.591553815975474
0.8	0.01	2	2	25	5000	0.812850135278611
0.8	0.01	2	2	25	5000	0.79803468061252
0.8	0.01	2	2	25	5000	0.842059358669522
0.8	0.01	2	2	25	5000	0.830150110439474
0.8	0.01	2	2	25	5000	0.749318377498546
0.8	0.01	2	2	25	5000	0.851671426357538
0.8	0.01	2	2	25	5000	0.714700451307879
0.8	0.01	2	2	25	5000	0.825807656985404
0.8	0.01	2	2	25	5000	0.758049267564921
0.8	0.01	2	2	25	5000	0.852046048528015
0.8	0.01	2	2	25	5000	0.837746416670812
0.8	0.01	2	2	25	5000	0.8514983861373
0.8	0.01	2	2	25	5000	0.805954238278665
0.8	0.01	2	2	25	5000	0.805279262122457
0.8	0.01	2	2	25	5000	0.847703485236413
0.8	0.01	2	2	25	5000	0.775520261601643
0.8	0.01	2	2	25	5000	0.836095843779921
0.8	0.01	2	2	25	5000	0.767315563206555
0.8	0.01	2	2	25	5000	0.826012993594907
0.8	0.01	2	2	25	5000	0.781332541248361
0.8	0.01	2	2	25	5000	0.786879758889685
0.8	0.01	2	2	25	5000	0.833385476603552
0.8	0.01	2	2	25	5000	0.822102666359995
0.8	0.01	2	2	25	5000	0.82591236529335
0.8	0.01	2	2	25	5000	0.719397274570454
0.8	0.05	2	2	25	5000	0.813454755873595
0.8	0.05	2	2	25	5000	0.825717040679761
0.8	0.05	2	2	25	5000	0.773712502010425
0.8	0.05	2	2	25	5000	0.802785258638254
0.8	0.05	2	2	25	5000	0.773860372665061
0.8	0.05	2	2	25	5000	0.762198372315743
0.8	0.05	2	2	25	5000	0.831994700194484
0.8	0.05	2	2	25	5000	0.786208185103893
0.8	0.05	2	2	25	5000	0.831210331657404
0.8	0.05	2	2	25	5000	0.793156297071221
0.8	0.05	2	2	25	5000	0.772991243618396
0.8	0.05	2	2	25	5000	0.784709441382435
0.8	0.05	2	2	25	5000	0.773319809353387
0.8	0.05	2	2	25	5000	0.763041232845187
0.8	0.05	2	2	25	5000	0.815220923934967
0.8	0.05	2	2	25	5000	0.785342443704428
0.8	0.05	2	2	25	5000	0.789974015962485
0.8	0.05	2	2	25	5000	0.790333040411515
0.8	0.05	2	2	25	5000	0.791893447980119
0.8	0.05	2	2	25	5000	0.767279647737451
0.8	0.05	2	2	25	5000	0.843096370657733
0.8	0.05	2	2	25	5000	0.762698991718889
0.8	0.05	2	2	25	5000	0.812553813650295
0.8	0.05	2	2	25	5000	0.805425332835908
0.8	0.05	2	2	25	5000	0.815291077303318
0.8	0.1	1	2	25	5000	0.845650353333907
0.8	0.1	1	2	25	5000	0.803467839567153
0.8	0.1	1	2	25	5000	0.808788343786835
0.8	0.1	1	2	25	5000	0.7600730025763
0.8	0.1	1	2	25	5000	0.814030351624348
0.8	0.1	1	2	25	5000	0.797251280751726
0.8	0.1	1	2	25	5000	0.834832840426868
0.8	0.1	1	2	25	5000	0.830025481069158
0.8	0.1	1	2	25	5000	0.771341931170931
0.8	0.1	1	2	25	5000	0.752240504446324
0.8	0.1	1	2	25	5000	0.763487041659023
0.8	0.1	1	2	25	5000	0.807776287593573
0.8	0.1	1	2	25	5000	0.819816339090466
0.8	0.1	1	2	25	5000	0.787684930390402
0.8	0.1	1	2	25	5000	0.770079389138062
0.8	0.1	1	2	25	5000	0.81868612938012
0.8	0.1	1	2	25	5000	0.794699035672019
0.8	0.1	1	2	25	5000	0.849810981315856
0.8	0.1	1	2	25	5000	0.861469235321659
0.8	0.1	1	2	25	5000	0.793780810675303
0.8	0.1	1	2	25	5000	0.803062544223241
0.8	0.1	1	2	25	5000	0.862996649091922
0.8	0.1	1	2	25	5000	0.849576515985992
0.8	0.1	1	2	25	5000	0.783627673401954
0.8	0.1	1	2	25	5000	0.807968625623199
0.8	0.1	2	1.5	25	5000	0.79033194687794
0.8	0.1	2	1.5	25	5000	0.800771053584796
0.8	0.1	2	1.5	25	5000	0.808445068340791
0.8	0.1	2	1.5	25	5000	0.80263607204795
0.8	0.1	2	1.5	25	5000	0.827368761071439
0.8	0.1	2	1.5	25	5000	0.789758251533262
0.8	0.1	2	1.5	25	5000	0.807962781225181
0.8	0.1	2	1.5	25	5000	0.791495875919202
0.8	0.1	2	1.5	25	5000	0.785616006096212
0.8	0.1	2	1.5	25	5000	0.817469333055603
0.8	0.1	2	1.5	25	5000	0.773387650132395
0.8	0.1	2	1.5	25	5000	0.822944295246208
0.8	0.1	2	1.5	25	5000	0.813480510656054
0.8	0.1	2	1.5	25	5000	0.812600279589889
0.8	0.1	2	1.5	25	5000	0.810783927419188
0.8	0.1	2	1.5	25	5000	0.814692585438219
0.8	0.1	2	1.5	25	5000	0.816846102334731
0.8	0.1	2	1.5	25	5000	0.787943721015653
0.8	0.1	2	1.5	25	5000	0.771458999717793
0.8	0.1	2	1.5	25	5000	0.838354581615551
0.8	0.1	2	1.5	25	5000	0.800891603541826
0.8	0.1	2	1.5	25	5000	0.795530033192449
0.8	0.1	2	1.5	25	5000	0.803295114133825
0.8	0.1	2	1.5	25	5000	0.819575777698454
0.8	0.1	2	1.5	25	5000	0.75921109183996
0.8	0.1	2	1	25	5000	0.792289292677861
0.8	0.1	2	1	25	5000	0.859645522289743
0.8	0.1	2	1	25	5000	0.804935906561303
0.8	0.1	2	1	25	5000	0.818942950941211
0.8	0.1	2	1	25	5000	0.767099528696939
0.8	0.1	2	1	25	5000	0.818602540657508
0.8	0.1	2	1	25	5000	0.78493257471363
0.8	0.1	2	1	25	5000	0.79035628358143
0.8	0.1	2	1	25	5000	0.803104191402656
0.8	0.1	2	1	25	5000	0.863965268529422
0.8	0.1	2	1	25	5000	0.829638984571873
0.8	0.1	2	1	25	5000	0.746183002682842
0.8	0.1	2	1	25	5000	0.739769333333864
0.8	0.1	2	1	25	5000	0.801221315097501
0.8	0.1	2	1	25	5000	0.798431499887354
0.8	0.1	2	1	25	5000	0.830952221938908
0.8	0.1	2	1	25	5000	0.735557511832199
0.8	0.1	2	1	25	5000	0.829973983797905
0.8	0.1	2	1	25	5000	0.815582178900429
0.8	0.1	2	1	25	5000	0.871828520316938
0.8	0.1	2	1	25	5000	0.800965570722226
0.8	0.1	2	1	25	5000	0.901711925818693
0.8	0.1	2	1	25	5000	0.784760552441814
0.8	0.1	2	1	25	5000	0.831504215150205
0.8	0.1	2	1	25	5000	0.815730795255866
0.8	0.1	2	2	25	5000	0.804265274691126
0.8	0.1	2	2	25	5000	0.788717220991484
0.8	0.1	2	2	25	5000	0.793112002043466
0.8	0.1	2	2	25	5000	0.838727391196163
0.8	0.1	2	2	25	5000	0.7840506129151
0.8	0.1	2	2	25	5000	0.816185795854771
0.8	0.1	2	2	25	5000	0.818971871522622
0.8	0.1	2	2	25	5000	0.806657413891783
0.8	0.1	2	2	25	5000	0.785809824193531
0.8	0.1	2	2	25	5000	0.790465789431635
0.8	0.1	2	2	25	5000	0.840746825191836
0.8	0.1	2	2	25	5000	0.788853511303151
0.8	0.1	2	2	25	5000	0.806529955588905
0.8	0.1	2	2	25	5000	0.791856443008919
0.8	0.1	2	2	25	5000	0.80046343124174
0.8	0.1	2	2	25	5000	0.794972550259536
0.8	0.1	2	2	25	5000	0.801413115092404
0.8	0.1	2	2	25	5000	0.821522311717502
0.8	0.1	2	2	25	5000	0.809272844707587
0.8	0.1	2	2	25	5000	0.778776413691432
0.8	0.1	2	2	25	5000	0.773274159687892
0.8	0.1	2	2	25	5000	0.775999669086324
0.8	0.1	2	2	25	5000	0.795606131312987
0.8	0.1	2	2	25	5000	0.810400903287032
0.8	0.1	2	2	25	5000	0.805753920415689
0.8	0.1	2	3	25	5000	0.787082500333506
0.8	0.1	2	3	25	5000	0.79565824773969
0.8	0.1	2	3	25	5000	0.798784136456044
0.8	0.1	2	3	25	5000	0.797835433143776
0.8	0.1	2	3	25	5000	0.805516336237533
0.8	0.1	2	3	25	5000	0.790796726507425
0.8	0.1	2	3	25	5000	0.796978281659935
0.8	0.1	2	3	25	5000	0.799338139759429
0.8	0.1	2	3	25	5000	0.803016863290681
0.8	0.1	2	3	25	5000	0.796163129659641
0.8	0.1	2	3	25	5000	0.801271759432498
0.8	0.1	2	3	25	5000	0.808950467412823
0.8	0.1	2	3	25	5000	0.797461789603672
0.8	0.1	2	3	25	5000	0.799375258848865
0.8	0.1	2	3	25	5000	0.808800960115136
0.8	0.1	2	3	25	5000	0.799860718939961
0.8	0.1	2	3	25	5000	0.798992404906314
0.8	0.1	2	3	25	5000	0.800548563596397
0.8	0.1	2	3	25	5000	0.794893574716802
0.8	0.1	2	3	25	5000	0.797523906126321
0.8	0.1	2	3	25	5000	0.798052965818093
0.8	0.1	2	3	25	5000	0.8058335671067
0.8	0.1	2	3	25	5000	0.797142477060387
0.8	0.1	2	3	25	5000	0.811997909756113
0.8	0.1	2	3	25	5000	0.797169700657537
0.8	0.1	3	2	25	5000	0.827882242706039
0.8	0.1	3	2	25	5000	0.780515644891017
0.8	0.1	3	2	25	5000	0.803510139749788
0.8	0.1	3	2	25	5000	0.80588311867073
0.8	0.1	3	2	25	5000	0.807443345012009
0.8	0.1	3	2	25	5000	0.790373837271514
0.8	0.1	3	2	25	5000	0.817375381248233
0.8	0.1	3	2	25	5000	0.794836876362009
0.8	0.1	3	2	25	5000	0.813206279682397
0.8	0.1	3	2	25	5000	0.805665659087677
0.8	0.1	3	2	25	5000	0.803427383807367
0.8	0.1	3	2	25	5000	0.820649703743416
0.8	0.1	3	2	25	5000	0.770888576696665
0.8	0.1	3	2	25	5000	0.801263986879134
0.8	0.1	3	2	25	5000	0.795893984646414
0.8	0.1	3	2	25	5000	0.793402021422194
0.8	0.1	3	2	25	5000	0.797408071701746
0.8	0.1	3	2	25	5000	0.795399436852949
0.8	0.1	3	2	25	5000	0.770439366742593
0.8	0.1	3	2	25	5000	0.798576432796675
0.8	0.1	3	2	25	5000	0.801018738935975
0.8	0.1	3	2	25	5000	0.806719609418788
0.8	0.1	3	2	25	5000	0.787659264240541
0.8	0.1	3	2	25	5000	0.785782366674305
0.8	0.1	3	2	25	5000	0.80192112816913
0.8	0.1	4	2	25	5000	0.796877361713987
0.8	0.1	4	2	25	5000	0.803147322823808
0.8	0.1	4	2	25	5000	0.809561952430053
0.8	0.1	4	2	25	5000	0.807573795134505
0.8	0.1	4	2	25	5000	0.788509213921096
0.8	0.1	4	2	25	5000	0.801006693949837
0.8	0.1	4	2	25	5000	0.79607028740902
0.8	0.1	4	2	25	5000	0.801603247849466
0.8	0.1	4	2	25	5000	0.80044411621246
0.8	0.1	4	2	25	5000	0.806961757090527
0.8	0.1	4	2	25	5000	0.804564787623403
0.8	0.1	4	2	25	5000	0.796273520851105
0.8	0.1	4	2	25	5000	0.799916209595695
0.8	0.1	4	2	25	5000	0.800722516087554
0.8	0.1	4	2	25	5000	0.796828452963971
0.8	0.1	4	2	25	5000	0.796128629387752
0.8	0.1	4	2	25	5000	0.802376040391254
0.8	0.1	4	2	25	5000	0.791194550217083
0.8	0.1	4	2	25	5000	0.78939399873204
0.8	0.1	4	2	25	5000	0.792836618827253
0.8	0.1	4	2	25	5000	0.793735833158632
0.8	0.1	4	2	25	5000	0.801853233830435
0.8	0.1	4	2	25	5000	0.80679997848863
0.8	0.1	4	2	25	5000	0.809708902403551
0.8	0.1	4	2	25	5000	0.802219594460413
0.8	0.2	2	2	25	5000	0.821901618112829
0.8	0.2	2	2	25	5000	0.796118685609735
0.8	0.2	2	2	25	5000	0.815071942672245
0.8	0.2	2	2	25	5000	0.825411174106514
0.8	0.2	2	2	25	5000	0.816965181504553
0.8	0.2	2	2	25	5000	0.803220984390773
0.8	0.2	2	2	25	5000	0.825023006478355
0.8	0.2	2	2	25	5000	0.810872662584165
0.8	0.2	2	2	25	5000	0.79705158163413
0.8	0.2	2	2	25	5000	0.790782883133027
0.8	0.2	2	2	25	5000	0.782243803025283
0.8	0.2	2	2	25	5000	0.793017099603192
0.8	0.2	2	2	25	5000	0.817410883307563
0.8	0.2	2	2	25	5000	0.778076671474179
0.8	0.2	2	2	25	5000	0.78496182402558
0.8	0.2	2	2	25	5000	0.813224457881358
0.8	0.2	2	2	25	5000	0.800518408468602
0.8	0.2	2	2	25	5000	0.821368782537503
0.8	0.2	2	2	25	5000	0.790249480915807
0.8	0.2	2	2	25	5000	0.780954600942667
0.8	0.2	2	2	25	5000	0.842804662919216
0.8	0.2	2	2	25	5000	0.781268816695214
0.8	0.2	2	2	25	5000	0.77017899230166
0.8	0.2	2	2	25	5000	0.812937197739689
0.8	0.2	2	2	25	5000	0.813252641382872
