penetrance	lambda	peds	simulated_generation	expected_proportion	simulated_proportion	run	generation
1	1	1000	1	0.5	0.51625	1	1
1	1	1000	2	0.25	0.259122157588577	1	2
1	1	1000	3	0.125	0.139915769770707	1	3
1	1	1000	4	0.0625	0.064275733581742	1	4
1	1	1000	1	0.5	0.50281778334377	2	1
1	1	1000	2	0.25	0.25705329153605	2	2
1	1	1000	3	0.125	0.136788048552754	2	3
1	1	1000	4	0.0625	0.0639777468706537	2	4
1	1	1000	1	0.5	0.519194461925739	3	1
1	1	1000	2	0.25	0.262396694214876	3	2
1	1	1000	3	0.125	0.129963898916967	3	3
1	1	1000	4	0.0625	0.0640394088669951	3	4
1	1	1000	1	0.5	0.497506234413965	4	1
1	1	1000	2	0.25	0.26280737704918	4	2
1	1	1000	3	0.125	0.129714811407544	4	3
1	1	1000	4	0.0625	0.0659340659340659	4	4
1	1	1000	1	0.5	0.512870012870013	5	1
1	1	1000	2	0.25	0.256046267087277	5	2
1	1	1000	3	0.125	0.137339055793991	5	3
1	1	1000	4	0.0625	0.0596026490066225	5	4
1	2	1000	1	0.5	0.509279240397065	1	1
1	2	1000	2	0.25	0.252616157388028	1	2
1	2	1000	3	0.125	0.123032009175268	1	3
1	2	1000	4	0.0625	0.059887775971472	1	4
1	2	1000	1	0.5	0.494417150513622	2	1
1	2	1000	2	0.25	0.240781387181738	2	2
1	2	1000	3	0.125	0.118194609806256	2	3
1	2	1000	4	0.0625	0.0583842128216311	2	4
1	2	1000	1	0.5	0.491476091476092	3	1
1	2	1000	2	0.25	0.240637450199203	3	2
1	2	1000	3	0.125	0.121103117505995	3	3
1	2	1000	4	0.0625	0.0586751100776728	3	4
1	2	1000	1	0.5	0.496677004873726	4	1
1	2	1000	2	0.25	0.248643957474506	4	2
1	2	1000	3	0.125	0.126389191544999	4	3
1	2	1000	4	0.0625	0.0631561679790026	4	4
1	2	1000	1	0.5	0.511158798283262	5	1
1	2	1000	2	0.25	0.246753246753247	5	2
1	2	1000	3	0.125	0.123451735080356	5	3
1	2	1000	4	0.0625	0.0640772665905078	5	4
1	3	1000	1	0.5	0.505590062111801	1	1
1	3	1000	2	0.25	0.25327150953117	1	2
1	3	1000	3	0.125	0.124851002962913	1	3
1	3	1000	4	0.0625	0.0612944220033586	1	4
1	3	1000	1	0.5	0.499371464487744	2	1
1	3	1000	2	0.25	0.252055076037813	2	2
1	3	1000	3	0.125	0.122779608056244	2	3
1	3	1000	4	0.0625	0.0628801410902842	2	4
1	3	1000	1	0.5	0.503407682775712	3	1
1	3	1000	2	0.25	0.248360655737705	3	2
1	3	1000	3	0.125	0.124538871430523	3	3
1	3	1000	4	0.0625	0.0625099267124997	3	4
1	3	1000	1	0.5	0.496567505720824	4	1
1	3	1000	2	0.25	0.248895116955912	4	2
1	3	1000	3	0.125	0.123785534364879	4	3
1	3	1000	4	0.0625	0.0618080073011985	4	4
1	3	1000	1	0.5	0.501284521515735	5	1
1	3	1000	2	0.25	0.246803069053708	5	2
1	3	1000	3	0.125	0.121855429359941	5	3
1	3	1000	4	0.0625	0.0605500456198974	5	4
0.8	1	1000	1	0.4	0.409323116219668	1	1
0.8	1	1000	2	0.2	0.201164637374272	1	2
0.8	1	1000	3	0.1	0.107328605200946	1	3
0.8	1	1000	4	0.05	0.0604629192253189	1	4
0.8	1	1000	1	0.4	0.412247474747475	2	1
0.8	1	1000	2	0.2	0.212703101920236	2	2
0.8	1	1000	3	0.1	0.115249780893953	2	3
0.8	1	1000	4	0.05	0.05601389491967	2	4
0.8	1	1000	1	0.4	0.382992327365729	3	1
0.8	1	1000	2	0.2	0.187950566426365	3	2
0.8	1	1000	3	0.1	0.0907008703618873	3	3
0.8	1	1000	4	0.05	0.0443946188340807	3	4
0.8	1	1000	1	0.4	0.399244332493703	4	1
0.8	1	1000	2	0.2	0.19978914074855	4	2
0.8	1	1000	3	0.1	0.0914942528735632	4	3
0.8	1	1000	4	0.05	0.0530612244897959	4	4
0.8	1	1000	1	0.4	0.399492707672796	5	1
0.8	1	1000	2	0.2	0.206620395088094	5	2
0.8	1	1000	3	0.1	0.10289990645463	5	3
0.8	1	1000	4	0.05	0.0559273422562142	5	4
0.8	2	1000	1	0.4	0.385690093141406	1	1
0.8	2	1000	2	0.2	0.196111227263224	1	2
0.8	2	1000	3	0.1	0.095716059602649	1	3
0.8	2	1000	4	0.05	0.048610024513639	1	4
0.8	2	1000	1	0.4	0.385152838427948	2	1
0.8	2	1000	2	0.2	0.196748997255647	2	2
0.8	2	1000	3	0.1	0.0963638291105693	2	3
0.8	2	1000	4	0.05	0.0500635727908455	2	4
0.8	2	1000	1	0.4	0.419805332204824	3	1
0.8	2	1000	2	0.2	0.205611304525906	3	2
0.8	2	1000	3	0.1	0.098189907978562	3	3
0.8	2	1000	4	0.05	0.0457163243463636	3	4
0.8	2	1000	1	0.4	0.400343642611684	4	1
0.8	2	1000	2	0.2	0.202212020033389	4	2
0.8	2	1000	3	0.1	0.104646381578947	4	3
0.8	2	1000	4	0.05	0.0516612745853233	4	4
0.8	2	1000	1	0.4	0.396086956521739	5	1
0.8	2	1000	2	0.2	0.197332204107559	5	2
0.8	2	1000	3	0.1	0.103403982016699	5	3
0.8	2	1000	4	0.05	0.0526565464895636	5	4
0.8	3	1000	1	0.4	0.401886218436264	1	1
0.8	3	1000	2	0.2	0.191895236131161	1	2
0.8	3	1000	3	0.1	0.0974725502382432	1	3
0.8	3	1000	4	0.05	0.0485585440489612	1	4
0.8	3	1000	1	0.4	0.395275590551181	2	1
0.8	3	1000	2	0.2	0.202092396933913	2	2
0.8	3	1000	3	0.1	0.101235839340886	2	3
0.8	3	1000	4	0.05	0.0515416790473361	2	4
0.8	3	1000	1	0.4	0.406395529338715	3	1
0.8	3	1000	2	0.2	0.204688629556955	3	2
0.8	3	1000	3	0.1	0.104465737313639	3	3
0.8	3	1000	4	0.05	0.0517591183658413	3	4
0.8	3	1000	1	0.4	0.389846443121279	4	1
0.8	3	1000	2	0.2	0.200352770284291	4	2
0.8	3	1000	3	0.1	0.100048332527791	4	3
0.8	3	1000	4	0.05	0.0510663275288593	4	4
0.8	3	1000	1	0.4	0.391597177677999	5	1
0.8	3	1000	2	0.2	0.196349440810298	5	2
0.8	3	1000	3	0.1	0.0979221232757115	5	3
0.8	3	1000	4	0.05	0.0499633818862397	5	4
0.5	1	1000	1	0.25	0.226390685640362	1	1
0.5	1	1000	2	0.125	0.127962085308057	1	2
0.5	1	1000	3	0.0625	0.0602582496413199	1	3
0.5	1	1000	4	0.03125	0.034655722754218	1	4
0.5	1	1000	1	0.25	0.22692793931732	2	1
0.5	1	1000	2	0.125	0.119270833333333	2	2
0.5	1	1000	3	0.0625	0.0635864592863678	2	3
0.5	1	1000	4	0.03125	0.0343045112781955	2	4
0.5	1	1000	1	0.25	0.247689463955638	3	1
0.5	1	1000	2	0.125	0.119570771589167	3	2
0.5	1	1000	3	0.0625	0.0694259012016021	3	3
0.5	1	1000	4	0.03125	0.032093023255814	3	4
0.5	1	1000	1	0.25	0.266200762388818	4	1
0.5	1	1000	2	0.125	0.123324396782842	4	2
0.5	1	1000	3	0.0625	0.0578947368421053	4	3
0.5	1	1000	4	0.03125	0.0320480721081622	4	4
0.5	1	1000	1	0.25	0.26360103626943	5	1
0.5	1	1000	2	0.125	0.13264753654575	5	2
0.5	1	1000	3	0.0625	0.0710088148873653	5	3
0.5	1	1000	4	0.03125	0.036628198695434	5	4
0.5	2	1000	1	0.25	0.249223946784922	1	1
0.5	2	1000	2	0.125	0.121409921671018	1	2
0.5	2	1000	3	0.0625	0.0611702127659574	1	3
0.5	2	1000	4	0.03125	0.031913758138542	1	4
0.5	2	1000	1	0.25	0.247585601404741	2	1
0.5	2	1000	2	0.125	0.119619294830197	2	2
0.5	2	1000	3	0.0625	0.0658280013013773	2	3
0.5	2	1000	4	0.03125	0.030317928548017	2	4
0.5	2	1000	1	0.25	0.25446049277825	3	1
0.5	2	1000	2	0.125	0.122894572676232	3	2
0.5	2	1000	3	0.0625	0.0600979064680762	3	3
0.5	2	1000	4	0.03125	0.0298870817362478	3	4
0.5	2	1000	1	0.25	0.237765266349069	4	1
0.5	2	1000	2	0.125	0.128376963350785	4	2
0.5	2	1000	3	0.0625	0.0615838869556048	4	3
0.5	2	1000	4	0.03125	0.0296830276688222	4	4
0.5	2	1000	1	0.25	0.251170710940826	5	1
0.5	2	1000	2	0.125	0.125421585160202	5	2
0.5	2	1000	3	0.0625	0.0587866764122376	5	3
0.5	2	1000	4	0.03125	0.029373470131764	5	4
0.5	3	1000	1	0.25	0.254958413307742	1	1
0.5	3	1000	2	0.125	0.12444538347771	1	2
0.5	3	1000	3	0.0625	0.0635155616650805	1	3
0.5	3	1000	4	0.03125	0.0297183774233933	1	4
0.5	3	1000	1	0.25	0.260667903525046	2	1
0.5	3	1000	2	0.125	0.134447674418605	2	2
0.5	3	1000	3	0.0625	0.0653822076928427	2	3
0.5	3	1000	4	0.03125	0.0325501684827291	2	4
0.5	3	1000	1	0.25	0.255073368716828	3	1
0.5	3	1000	2	0.125	0.129448818897638	3	2
0.5	3	1000	3	0.0625	0.0635342686212084	3	3
0.5	3	1000	4	0.03125	0.0319207356257376	3	4
0.5	3	1000	1	0.25	0.256483238456673	4	1
0.5	3	1000	2	0.125	0.124581239530988	4	2
0.5	3	1000	3	0.0625	0.0662679924900911	4	3
0.5	3	1000	4	0.03125	0.0317368524537074	4	4
0.5	3	1000	1	0.25	0.25061804697157	5	1
0.5	3	1000	2	0.125	0.12740954540769	5	2
0.5	3	1000	3	0.0625	0.0617254364943512	5	3
0.5	3	1000	4	0.03125	0.0325177223873771	5	4
0.2	1	1000	1	0.1	0.0997458703939009	1	1
0.2	1	1000	2	0.05	0.0419222903885481	1	2
0.2	1	1000	3	0.025	0.0301394511920828	1	3
0.2	1	1000	4	0.0125	0.0129233511586453	1	4
0.2	1	1000	1	0.1	0.094723458359822	2	1
0.2	1	1000	2	0.05	0.0474226804123711	2	2
0.2	1	1000	3	0.025	0.024390243902439	2	3
0.2	1	1000	4	0.0125	0.0168618266978923	2	4
0.2	1	1000	1	0.1	0.10025873221216	3	1
0.2	1	1000	2	0.05	0.0429061784897025	3	2
0.2	1	1000	3	0.025	0.0240722166499498	3	3
0.2	1	1000	4	0.0125	0.0152259332023576	3	4
0.2	1	1000	1	0.1	0.0974358974358974	4	1
0.2	1	1000	2	0.05	0.0567117585848075	4	2
0.2	1	1000	3	0.025	0.0231897775674397	4	3
0.2	1	1000	4	0.0125	0.0124939932724652	4	4
0.2	1	1000	1	0.1	0.0975155279503106	5	1
0.2	1	1000	2	0.05	0.0520887055183084	5	2
0.2	1	1000	3	0.025	0.0258660508083141	5	3
0.2	1	1000	4	0.0125	0.00960614793467819	5	4
0.2	2	1000	1	0.1	0.10328227571116	1	1
0.2	2	1000	2	0.05	0.0477103301384452	1	2
0.2	2	1000	3	0.025	0.0229056203605514	1	3
0.2	2	1000	4	0.0125	0.0104272498796856	1	4
0.2	2	1000	1	0.1	0.0954838709677419	2	1
0.2	2	1000	2	0.05	0.0472858354537744	2	2
0.2	2	1000	3	0.025	0.0208333333333333	2	3
0.2	2	1000	4	0.0125	0.0114124175479007	2	4
0.2	2	1000	1	0.1	0.101716738197425	3	1
0.2	2	1000	2	0.05	0.0550706566916043	3	2
0.2	2	1000	3	0.025	0.0216288937183069	3	3
0.2	2	1000	4	0.0125	0.0124681801652034	3	4
0.2	2	1000	1	0.1	0.102297355873429	4	1
0.2	2	1000	2	0.05	0.0534302201325069	4	2
0.2	2	1000	3	0.025	0.0257601351351351	4	3
0.2	2	1000	4	0.0125	0.0111852124140104	4	4
0.2	2	1000	1	0.1	0.11025641025641	5	1
0.2	2	1000	2	0.05	0.0465017966603255	5	2
0.2	2	1000	3	0.025	0.0257824933687003	5	3
0.2	2	1000	4	0.0125	0.0127700329892519	5	4
0.2	3	1000	1	0.1	0.101843174008122	1	1
0.2	3	1000	2	0.05	0.0511322881442771	1	2
0.2	3	1000	3	0.025	0.0249196956889265	1	3
0.2	3	1000	4	0.0125	0.012639673465706	1	4
0.2	3	1000	1	0.1	0.108220937700706	2	1
0.2	3	1000	2	0.05	0.0558178575175742	2	2
0.2	3	1000	3	0.025	0.0265028861044629	2	3
0.2	3	1000	4	0.0125	0.0124206941593581	2	4
0.2	3	1000	1	0.1	0.0992248062015504	3	1
0.2	3	1000	2	0.05	0.0469229196483337	3	2
0.2	3	1000	3	0.025	0.0231696959402072	3	3
0.2	3	1000	4	0.0125	0.0121337874106317	3	4
0.2	3	1000	1	0.1	0.10919185687847	4	1
0.2	3	1000	2	0.05	0.0527080307117659	4	2
0.2	3	1000	3	0.025	0.0253901539945568	4	3
0.2	3	1000	4	0.0125	0.0125727563438931	4	4
0.2	3	1000	1	0.1	0.101928374655647	5	1
0.2	3	1000	2	0.05	0.0465445714863908	5	2
0.2	3	1000	3	0.025	0.0247566157037235	5	3
0.2	3	1000	4	0.0125	0.0121704305261987	5	4
